<html>
<body>
<pre>
<h1>礦ision Build Log</h1>
<h2>Tool Versions:</h2>
IDE-Version: μVision V5.27.0.0
Copyright (C) 2018 ARM Ltd and ARM Germany GmbH. All rights reserved.
License Information: 1 11, 1, LIC=585FJ-UUQHW-459T5-G0G19-N10VW-5ZP24
 
Tool Versions:
Toolchain:       MDK-ARM Plus  Version: 5.27.0.0
Toolchain Path:  C:\Keil_v5\ARM\ARMCC\Bin
C Compiler:      Armcc.exe V5.06 update 6 (build 750)
Assembler:       Armasm.exe V5.06 update 6 (build 750)
Linker/Locator:  ArmLink.exe V5.06 update 6 (build 750)
Library Manager: ArmAr.exe V5.06 update 6 (build 750)
Hex Converter:   FromElf.exe V5.06 update 6 (build 750)
CPU DLL:         SARMCM3.DLL V5.27.0.0
Dialog DLL:      DCM.DLL V1.17.2.0
Target DLL:      STLink\ST-LINKIII-KEIL_SWO.dll V3.0.5.0
Dialog DLL:      TCM.DLL V1.36.1.0
 
<h2>Project:</h2>
C:\Users\Mr'K\Desktop\超市收银系统 - 硬件SPI - - 副本\ALIENTEK MINISTM32 SD4-FATFS文件系统\USER\KEY.uvprojx
Project File Date:  06/15/2022

<h2>Output:</h2>
*** Using Compiler 'V5.06 update 6 (build 750)', folder: 'C:\Keil_v5\ARM\ARMCC\Bin'
Build target 'KEY'
compiling main.c...
..\user1\inc\usart2.h(12): warning:  #1295-D: Deprecated declaration USART2_Init - give arg types
  void USART2_Init();
..\user1\inc\key.h(19): warning:  #1-D: last line of file ends without a newline
  #endif
main.c(83): warning:  #513-D: a value of type "char *" cannot be assigned to an entity of type "u8 *"
              if(readbuff=strstr((char *)Read.USART1_BUFF,"voice")) {
main.c(83): warning:  #1293-D: assignment in condition
              if(readbuff=strstr((char *)Read.USART1_BUFF,"voice")) {
main.c(84): warning:  #513-D: a value of type "char *" cannot be assigned to an entity of type "u8 *"
                  if(readbuff=strstr((char *)Read.USART1_BUFF,":")) {
main.c(84): warning:  #1293-D: assignment in condition
                  if(readbuff=strstr((char *)Read.USART1_BUFF,":")) {
main.c(348): warning:  #1-D: last line of file ends without a newline
  }
main.c(226): warning:  #128-D: loop is not reachable
      while (1)
main.c(5): warning:  #177-D: variable "t"  was declared but never referenced
      u8 t;
main.c(7): warning:  #177-D: variable "at_buf"  was declared but never referenced
      char at_buf[10] = {0};
main.c(9): warning:  #177-D: variable "dat"  was declared but never referenced
      u8 dat;
main.c(10): warning:  #177-D: variable "data"  was declared but never referenced
      u8 data;
main.c(11): warning:  #177-D: variable "add"  was declared but never referenced
      int add = 0;
main.c(12): warning:  #177-D: variable "cnt"  was declared but never referenced
      u32 cnt = 0;
main.c(13): warning:  #177-D: variable "sssss"  was declared but never referenced
  		char *sssss="11.78";
main.c: 15 warnings, 0 errors
linking...
Program Size: Code=25448 RO-data=3616 RW-data=68 ZI-data=6444  
FromELF: creating hex file...
"..\OBJ\KEY.axf" - 0 Error(s), 15 Warning(s).

<h2>Software Packages used:</h2>

Package Vendor: Keil
                http://www.keil.com/pack/Keil.STM32F1xx_DFP.1.0.5.pack
                Keil.STM32F1xx_DFP.1.0.5
                STMicroelectronics STM32F1 Series Device Support, Drivers and Examples

<h2>Collection of Component include folders:</h2>
  .\RTE\_KEY
  C:\Keil_v5\ARM\PACK\Keil\STM32F1xx_DFP\1.0.5\Device\Include

<h2>Collection of Component Files used:</h2>
Build Time Elapsed:  00:00:02
</pre>
</body>
</html>
