Component: ARM Compiler 5.06 update 6 (build 750) Tool: armlink [4d35ed]

==============================================================================

Section Cross References

    main.o(.text) refers to _printf_percent.o(.ARM.Collect$$_printf_percent$$00000000) for _printf_percent
    main.o(.text) refers to _printf_s.o(.ARM.Collect$$_printf_percent$$00000014) for _printf_s
    main.o(.text) refers to _printf_str.o(.text) for _printf_str
    main.o(.text) refers to usart2.o(.text) for USART2_Init
    main.o(.text) refers to delay.o(.text) for delay_init
    main.o(.text) refers to key.o(.text) for KEY_Init
    main.o(.text) refers to usart1.o(.text) for Usart1_Init
    main.o(.text) refers to my1680.o(.text) for usart3_init
    main.o(.text) refers to noretval__2printf.o(.text) for __2printf
    main.o(.text) refers to w25q64.o(.text) for W25Q64_Init
    main.o(.text) refers to oled.o(.text) for OLED_Init
    main.o(.text) refers to strstr.o(.text) for strstr
    main.o(.text) refers to rt_memclr_w.o(.text) for __aeabi_memclr4
    main.o(.text) refers to noretval__2sprintf.o(.text) for __2sprintf
    main.o(.text) refers to strcasecmp.o(.text) for strcasecmp
    main.o(.text) refers to rt_memclr.o(.text) for __aeabi_memclr
    main.o(.text) refers to stm32f10x_gpio.o(.text) for GPIO_ReadInputDataBit
    main.o(.text) refers to usart1.o(.bss) for Read
    main.o(.text) refers to usart2.o(.bss) for usart2_type
    system_stm32f10x.o(.text) refers to system_stm32f10x.o(.data) for SystemCoreClock
    spi.o(.text) refers to stm32f10x_spi.o(.text) for SPI_I2S_GetFlagStatus
    spi.o(.text) refers to stm32f10x_rcc.o(.text) for RCC_APB2PeriphClockCmd
    spi.o(.text) refers to stm32f10x_gpio.o(.text) for GPIO_Init
    spi.o(.text) refers to spi.o(.bss) for SPI_InitStructure
    mmc_sd.o(.text) refers to _printf_percent.o(.ARM.Collect$$_printf_percent$$00000000) for _printf_percent
    mmc_sd.o(.text) refers to _printf_u.o(.ARM.Collect$$_printf_percent$$0000000A) for _printf_u
    mmc_sd.o(.text) refers to _printf_dec.o(.text) for _printf_int_dec
    mmc_sd.o(.text) refers to spi.o(.text) for SPI1_ReadWriteByte
    mmc_sd.o(.text) refers to stm32f10x_rcc.o(.text) for RCC_APB2PeriphClockCmd
    mmc_sd.o(.text) refers to stm32f10x_gpio.o(.text) for GPIO_Init
    mmc_sd.o(.text) refers to noretval__2printf.o(.text) for __2printf
    mmc_sd.o(.text) refers to mmc_sd.o(.data) for SD_Type
    malloc.o(.text) refers to malloc.o(.data) for mallco_dev
    malloc.o(.data) refers to malloc.o(.text) for mem_init
    malloc.o(.data) refers to malloc.o(.bss) for membase
    delay.o(.text) refers to misc.o(.text) for SysTick_CLKSourceConfig
    delay.o(.text) refers to system_stm32f10x.o(.data) for SystemCoreClock
    delay.o(.text) refers to delay.o(.data) for fac_us
    startup_stm32f10x_hd.o(STACK) refers (Special) to heapauxi.o(.text) for __use_two_region_memory
    startup_stm32f10x_hd.o(HEAP) refers (Special) to heapauxi.o(.text) for __use_two_region_memory
    startup_stm32f10x_hd.o(RESET) refers (Special) to heapauxi.o(.text) for __use_two_region_memory
    startup_stm32f10x_hd.o(RESET) refers to startup_stm32f10x_hd.o(STACK) for __initial_sp
    startup_stm32f10x_hd.o(RESET) refers to startup_stm32f10x_hd.o(.text) for Reset_Handler
    startup_stm32f10x_hd.o(RESET) refers to stm32f10x_it.o(.text) for NMI_Handler
    startup_stm32f10x_hd.o(RESET) refers to usart1.o(.text) for USART1_IRQHandler
    startup_stm32f10x_hd.o(RESET) refers to usart2.o(.text) for USART2_IRQHandler
    startup_stm32f10x_hd.o(RESET) refers to my1680.o(.text) for USART3_IRQHandler
    startup_stm32f10x_hd.o(.text) refers (Special) to heapauxi.o(.text) for __use_two_region_memory
    startup_stm32f10x_hd.o(.text) refers to system_stm32f10x.o(.text) for SystemInit
    startup_stm32f10x_hd.o(.text) refers to __main.o(!!!main) for __main
    startup_stm32f10x_hd.o(.text) refers to startup_stm32f10x_hd.o(HEAP) for Heap_Mem
    startup_stm32f10x_hd.o(.text) refers to startup_stm32f10x_hd.o(STACK) for Stack_Mem
    stm32f10x_gpio.o(.text) refers to stm32f10x_rcc.o(.text) for RCC_APB2PeriphResetCmd
    stm32f10x_rcc.o(.text) refers to stm32f10x_rcc.o(.data) for APBAHBPrescTable
    stm32f10x_usart.o(.text) refers to stm32f10x_rcc.o(.text) for RCC_APB2PeriphResetCmd
    stm32f10x_spi.o(.text) refers to stm32f10x_rcc.o(.text) for RCC_APB2PeriphResetCmd
    diskio.o(.text) refers to mmc_sd.o(.text) for SD_Initialize
    diskio.o(.text) refers to malloc.o(.text) for mymalloc
    ff.o(.text) refers to diskio.o(.text) for disk_write
    ff.o(.text) refers to ff.o(.constdata) for DbcTbl
    ff.o(.text) refers to ff.o(.data) for FatFs
    exfuns.o(.text) refers to malloc.o(.text) for mymalloc
    exfuns.o(.text) refers to strcpy.o(.text) for strcpy
    exfuns.o(.text) refers to strcmpv7m.o(.text) for strcmp
    exfuns.o(.text) refers to ff.o(.text) for f_getfree
    exfuns.o(.text) refers to exfuns.o(.data) for fs
[...]
    _local_sscanf                            0x080031dd   Thumb Code    60  strtod.o(.text)
    .text                                    0x08003280   Section       16  rt_ctype_table.o(.text)
    .text                                    0x08003290   Section        8  rt_errno_addr_intlibspace.o(.text)
    .text                                    0x08003298   Section        0  isspace.o(.text)
    .text                                    0x080032aa   Section        0  _sgetc.o(.text)
    .text                                    0x080032ea   Section        0  ferror.o(.text)
    .text                                    0x080032f4   Section        8  libspace.o(.text)
    .text                                    0x080032fc   Section       74  sys_stackheap_outer.o(.text)
    .text                                    0x08003348   Section        8  rt_locale_intlibspace.o(.text)
    .text                                    0x08003350   Section        0  scanf_fp.o(.text)
    _fp_value                                0x08003351   Thumb Code   588  scanf_fp.o(.text)
    .text                                    0x08003848   Section        0  exit.o(.text)
    .text                                    0x0800385c   Section        0  bigflt0.o(.text)
    .text                                    0x08003940   Section        0  scanf_hexfp.o(.text)
    .text                                    0x08003c60   Section        0  scanf_infnan.o(.text)
    .text                                    0x08003d94   Section       38  llshl.o(.text)
    .text                                    0x08003dba   Section        0  _chval.o(.text)
    CL$$btod_div_common                      0x08003dd6   Section      824  btod.o(CL$$btod_div_common)
    CL$$btod_e2d                             0x08004110   Section      132  btod.o(CL$$btod_e2d)
    CL$$btod_e2e                             0x08004194   Section      220  btod.o(CL$$btod_e2e)
    CL$$btod_ediv                            0x08004270   Section       42  btod.o(CL$$btod_ediv)
    CL$$btod_edivd                           0x0800429a   Section       42  btod.o(CL$$btod_edivd)
    CL$$btod_emul                            0x080042c4   Section       42  btod.o(CL$$btod_emul)
    CL$$btod_emuld                           0x080042ee   Section       42  btod.o(CL$$btod_emuld)
    CL$$btod_mult_common                     0x08004318   Section      580  btod.o(CL$$btod_mult_common)
    i.__ARM_fpclassify                       0x0800455c   Section        0  fpclassify.o(i.__ARM_fpclassify)
    i.__kernel_poly                          0x08004584   Section        0  poly.o(i.__kernel_poly)
    i.__mathlib_dbl_divzero                  0x08004630   Section        0  dunder.o(i.__mathlib_dbl_divzero)
    i.__mathlib_dbl_infnan2                  0x08004640   Section        0  dunder.o(i.__mathlib_dbl_infnan2)
    i.__mathlib_dbl_invalid                  0x08004644   Section        0  dunder.o(i.__mathlib_dbl_invalid)
    i.__mathlib_dbl_overflow                 0x08004650   Section        0  dunder.o(i.__mathlib_dbl_overflow)
    i.__mathlib_dbl_underflow                0x08004660   Section        0  dunder.o(i.__mathlib_dbl_underflow)
    i.__mathlib_narrow                       0x08004670   Section        0  narrow.o(i.__mathlib_narrow)
    i.__mathlib_tofloat                      0x08004680   Section        0  narrow.o(i.__mathlib_tofloat)
    i.__support_ldexp                        0x0800473c   Section        0  ldexp.o(i.__support_ldexp)
    i._is_digit                              0x08004752   Section        0  __printf_wp.o(i._is_digit)
    i.frexp                                  0x08004760   Section        0  frexp.o(i.frexp)
    i.ldexp                                  0x080047b8   Section        0  ldexp.o(i.ldexp)
    i.pow                                    0x0800482c   Section        0  pow.o(i.pow)
    i.sqrt                                   0x08005204   Section        0  sqrt.o(i.sqrt)
    i.strtod                                 0x08005250   Section        0  strtod.o(i.strtod)
    locale$$code                             0x0800526c   Section       44  lc_numeric_c.o(locale$$code)
    locale$$code                             0x08005298   Section       44  lc_ctype_c.o(locale$$code)
    x$fpl$d2f                                0x080052c4   Section       98  d2f.o(x$fpl$d2f)
    x$fpl$dadd                               0x08005328   Section      336  daddsub_clz.o(x$fpl$dadd)
    _dadd1                                   0x08005339   Thumb Code     0  daddsub_clz.o(x$fpl$dadd)
    x$fpl$dcheck1                            0x08005478   Section       16  dcheck1.o(x$fpl$dcheck1)
    x$fpl$dcmpinf                            0x08005488   Section       24  dcmpi.o(x$fpl$dcmpinf)
    x$fpl$ddiv                               0x080054a0   Section      688  ddiv.o(x$fpl$ddiv)
    ddiv_entry                               0x080054a7   Thumb Code     0  ddiv.o(x$fpl$ddiv)
    x$fpl$deqf                               0x08005750   Section      120  deqf.o(x$fpl$deqf)
    x$fpl$dfix                               0x080057c8   Section       94  dfix.o(x$fpl$dfix)
    x$fpl$dflt                               0x08005826   Section       46  dflt_clz.o(x$fpl$dflt)
    x$fpl$dleqf                              0x08005854   Section      120  dleqf.o(x$fpl$dleqf)
    x$fpl$dmul                               0x080058cc   Section      340  dmul.o(x$fpl$dmul)
    x$fpl$dnaninf                            0x08005a20   Section      156  dnaninf.o(x$fpl$dnaninf)
    x$fpl$dretinf                            0x08005abc   Section       12  dretinf.o(x$fpl$dretinf)
    x$fpl$drleqf                             0x08005ac8   Section      108  drleqf.o(x$fpl$drleqf)
    x$fpl$drsb                               0x08005b34   Section       22  daddsub_clz.o(x$fpl$drsb)
    x$fpl$dsqrt                              0x08005b4c   Section      460  dsqrt_noumaal.o(x$fpl$dsqrt)
    x$fpl$dsub                               0x08005d18   Section      468  daddsub_clz.o(x$fpl$dsub)
    _dsub1                                   0x08005d29   Thumb Code     0  daddsub_clz.o(x$fpl$dsub)
    x$fpl$fadd                               0x08005eec   Section      196  faddsub_clz.o(x$fpl$fadd)
    _fadd1                                   0x08005efb   Thumb Code     0  faddsub_clz.o(x$fpl$fadd)
    x$fpl$fcmpinf                            0x08005fb0   Section       24  fcmpi.o(x$fpl$fcmpinf)
    x$fpl$feqf                               0x08005fc8   Section      104  feqf.o(x$fpl$feqf)
    x$fpl$ffix                               0x08006030   Section       54  ffix.o(x$fpl$ffix)
    x$fpl$ffixu                              0x08006068   Section       62  ffixu.o(x$fpl$ffixu)
    x$fpl$fflt                               0x080060a8   Section       48  fflt_clz.o(x$fpl$fflt)
    x$fpl$ffltu                              0x080060d8   Section       38  fflt_clz.o(x$fpl$ffltu)
    x$fpl$fmul                               0x08006100   Section      258  fmul.o(x$fpl$fmul)
    x$fpl$fnaninf                            0x08006202   Section      140  fnaninf.o(x$fpl$fnaninf)
    x$fpl$fretinf                            0x0800628e   Section       10  fretinf.o(x$fpl$fretinf)
    x$fpl$frsb                               0x08006298   Section       20  faddsub_clz.o(x$fpl$frsb)
    x$fpl$fsub                               0x080062ac   Section      234  faddsub_clz.o(x$fpl$fsub)
    _fsub1                                   0x080062bb   Thumb Code     0  faddsub_clz.o(x$fpl$fsub)
    x$fpl$ieeestatus                         0x08006396   Section        6  istatus.o(x$fpl$ieeestatus)
    x$fpl$retnan                             0x0800639c   Section      100  retnan.o(x$fpl$retnan)
    x$fpl$scalbn                             0x08006400   Section       92  scalbn.o(x$fpl$scalbn)
    x$fpl$scanf1                             0x0800645c   Section        4  scanf1.o(x$fpl$scanf1)
    x$fpl$scanf2                             0x08006460   Section        8  scanf2.o(x$fpl$scanf2)
    x$fpl$trapveneer                         0x08006468   Section       48  trapv.o(x$fpl$trapveneer)
    .constdata                               0x08006498   Section     2672  oledfont.o(.constdata)
    x$fpl$usenofp                            0x08006498   Section        0  usenofp.o(x$fpl$usenofp)
    .constdata                               0x08006f08   Section      136  pow.o(.constdata)
    bp                                       0x08006f08   Data          16  pow.o(.constdata)
    dp_h                                     0x08006f18   Data          16  pow.o(.constdata)
    dp_l                                     0x08006f28   Data          16  pow.o(.constdata)
    L                                        0x08006f38   Data          48  pow.o(.constdata)
    P                                        0x08006f68   Data          40  pow.o(.constdata)
    .constdata                               0x08006f90   Section        8  qnan.o(.constdata)
    .constdata                               0x08006f98   Section      148  bigflt0.o(.constdata)
    tenpwrs_x                                0x08006f98   Data          60  bigflt0.o(.constdata)
    tenpwrs_i                                0x08006fd4   Data          64  bigflt0.o(.constdata)
    c$$dinf                                  0x0800704c   Section        8  fpconst.o(c$$dinf)
    c$$dmax                                  0x08007054   Section        8  fpconst.o(c$$dmax)
    locale$$data                             0x0800705c   Section       28  lc_numeric_c.o(locale$$data)
    __lcnum_c_name                           0x08007060   Data           2  lc_numeric_c.o(locale$$data)
    __lcnum_c_start                          0x08007068   Data           0  lc_numeric_c.o(locale$$data)
    __lcnum_c_point                          0x08007074   Data           0  lc_numeric_c.o(locale$$data)
    __lcnum_c_thousands                      0x08007076   Data           0  lc_numeric_c.o(locale$$data)
    __lcnum_c_grouping                       0x08007077   Data           0  lc_numeric_c.o(locale$$data)
    locale$$data                             0x08007078   Section      272  lc_ctype_c.o(locale$$data)
    __lcnum_c_end                            0x08007078   Data           0  lc_numeric_c.o(locale$$data)
    __lcctype_c_name                         0x0800707c   Data           2  lc_ctype_c.o(locale$$data)
    __lcctype_c_start                        0x08007084   Data           0  lc_ctype_c.o(locale$$data)
    __lcctype_c_end                          0x08007188   Data           0  lc_ctype_c.o(locale$$data)
    .data                                    0x20000000   Section       20  system_stm32f10x.o(.data)
    .data                                    0x20000014   Section        4  delay.o(.data)
    fac_us                                   0x20000014   Data           1  delay.o(.data)
    fac_ms                                   0x20000016   Data           2  delay.o(.data)
    .data                                    0x20000018   Section       20  stm32f10x_rcc.o(.data)
    APBAHBPrescTable                         0x20000018   Data          16  stm32f10x_rcc.o(.data)
    ADCPrescTable                            0x20000028   Data           4  stm32f10x_rcc.o(.data)
    .data                                    0x2000002c   Section       17  my1680.o(.data)
    cnt                                      0x2000003c   Data           1  my1680.o(.data)
    .data                                    0x20000040   Section        4  usart1.o(.data)
    .bss                                     0x20000044   Section     4096  w25q64.o(.bss)
    .bss                                     0x20001044   Section      260  usart2.o(.bss)
    .bss                                     0x20001148   Section      100  my1680.o(.bss)
    .bss                                     0x200011ac   Section      356  usart1.o(.bss)
    .bss                                     0x20001310   Section       96  libspace.o(.bss)
    HEAP                                     0x20001370   Section      512  startup_stm32f10x_hd.o(HEAP)
    Heap_Mem                                 0x20001370   Data         512  startup_stm32f10x_hd.o(HEAP)
    STACK                                    0x20001570   Section     1024  startup_stm32f10x_hd.o(STACK)
    Stack_Mem                                0x20001570   Data        1024  startup_stm32f10x_hd.o(STACK)
    __initial_sp                             0x20001970   Data           0  startup_stm32f10x_hd.o(STACK)

    Global Symbols

    Symbol Name                              Value     Ov Type        Size  Object(Section)

    BuildAttributes$$THM_ISAv4$P$D$K$B$S$PE$A:L22UL41UL21$X:L11$S22US41US21$IEEE1$IW$USESV6$~STKCKD$USESV7$~SHL$OTIME$ROPI$IEEEX$EBA8$UX$STANDARDLIB$REQ8$PRES8$EABIv2 0x00000000   Number         0  anon$$obj.o ABSOLUTE
    __ARM_use_no_argv                        0x00000000   Number         0  main.o ABSOLUTE
    __ARM_exceptions_init                     - Undefined Weak Reference
    __alloca_initialize                       - Undefined Weak Reference
    __arm_preinit_                            - Undefined Weak Reference
    __cpp_initialize__aeabi_                  - Undefined Weak Reference
    __cxa_finalize                            - Undefined Weak Reference
    __sigvec_lookup                           - Undefined Weak Reference
    _atexit_init                              - Undefined Weak Reference
    _call_atexit_fns                          - Undefined Weak Reference
    _clock_init                               - Undefined Weak Reference
    _fp_trap_init                             - Undefined Weak Reference
    _fp_trap_shutdown                         - Undefined Weak Reference
    _get_lc_collate                           - Undefined Weak Reference
    _get_lc_monetary                          - Undefined Weak Reference
    _get_lc_time                              - Undefined Weak Reference
    _getenv_init                              - Undefined Weak Reference
    _handle_redirection                       - Undefined Weak Reference
    _init_alloc                               - Undefined Weak Reference
    _init_user_alloc                          - Undefined Weak Reference
    _initio                                   - Undefined Weak Reference
    _mutex_acquire                            - Undefined Weak Reference
    _mutex_release                            - Undefined Weak Reference
    _printf_mbtowc                            - Undefined Weak Reference
    _printf_post_padding                      - Undefined Weak Reference
    _printf_pre_padding                       - Undefined Weak Reference
    _printf_truncate_signed                   - Undefined Weak Reference
    _printf_truncate_unsigned                 - Undefined Weak Reference
    _rand_init                                - Undefined Weak Reference
    _signal_finish                            - Undefined Weak Reference
    _signal_init                              - Undefined Weak Reference
    _terminate_alloc                          - Undefined Weak Reference
    _terminate_user_alloc                     - Undefined Weak Reference
    _terminateio                              - Undefined Weak Reference
    __Vectors_Size                           0x00000130   Number         0  startup_stm32f10x_hd.o ABSOLUTE
    __Vectors                                0x08000000   Data           4  startup_stm32f10x_hd.o(RESET)
    __Vectors_End                            0x08000130   Data           0  startup_stm32f10x_hd.o(RESET)
    __main                                   0x08000131   Thumb Code     8  __main.o(!!!main)
    __scatterload                            0x08000139   Thumb Code     0  __scatter.o(!!!scatter)
    __scatterload_rt2                        0x08000139   Thumb Code    44  __scatter.o(!!!scatter)
    __scatterload_rt2_thumb_only             0x08000139   Thumb Code     0  __scatter.o(!!!scatter)
    __scatterload_null                       0x08000147   Thumb Code     0  __scatter.o(!!!scatter)
    __scatterload_copy                       0x0800016d   Thumb Code    26  __scatter_copy.o(!!handler_copy)
    __scatterload_zeroinit                   0x08000189   Thumb Code    28  __scatter_zi.o(!!handler_zi)
    _printf_d                                0x080001a5   Thumb Code     0  _printf_d.o(.ARM.Collect$$_printf_percent$$00000009)
    _printf_percent                          0x080001a5   Thumb Code     0  _printf_percent.o(.ARM.Collect$$_printf_percent$$00000000)
    _printf_s                                0x080001ab   Thumb Code     0  _printf_s.o(.ARM.Collect$$_printf_percent$$00000014)
    _printf_percent_end                      0x080001b1   Thumb Code     0  _printf_percent_end.o(.ARM.Collect$$_printf_percent$$00000017)
    __rt_lib_init                            0x080001b5   Thumb Code     0  libinit.o(.ARM.Collect$$libinit$$00000000)
    __rt_lib_init_fp_1                       0x080001b7   Thumb Code     0  libinit2.o(.ARM.Collect$$libinit$$00000002)
    __rt_lib_init_heap_1                     0x080001b7   Thumb Code     0  libinit2.o(.ARM.Collect$$libinit$$0000000A)
    __rt_lib_init_lc_common                  0x080001b7   Thumb Code     0  libinit2.o(.ARM.Collect$$libinit$$0000000F)
    __rt_lib_init_preinit_1                  0x080001b7   Thumb Code     0  libinit2.o(.ARM.Collect$$libinit$$00000004)
    __rt_lib_init_rand_1                     0x080001b7   Thumb Code     0  libinit2.o(.ARM.Collect$$libinit$$0000000E)
    __rt_lib_init_user_alloc_1               0x080001b7   Thumb Code     0  libinit2.o(.ARM.Collect$$libinit$$0000000C)
    __rt_lib_init_lc_collate_1               0x080001bd   Thumb Code     0  libinit2.o(.ARM.Collect$$libinit$$00000011)
    __rt_lib_init_lc_ctype_2                 0x080001bd   Thumb Code     0  libinit2.o(.ARM.Collect$$libinit$$00000012)
    __rt_lib_init_lc_ctype_1                 0x080001c9   Thumb Code     0  libinit2.o(.ARM.Collect$$libinit$$00000013)
    __rt_lib_init_lc_monetary_1              0x080001c9   Thumb Code     0  libinit2.o(.ARM.Collect$$libinit$$00000015)
    __rt_lib_init_lc_numeric_2               0x080001c9   Thumb Code     0  libinit2.o(.ARM.Collect$$libinit$$00000016)
    __rt_lib_init_alloca_1                   0x080001d3   Thumb Code     0  libinit2.o(.ARM.Collect$$libinit$$0000002E)
    __rt_lib_init_argv_1                     0x080001d3   Thumb Code     0  libinit2.o(.ARM.Collect$$libinit$$0000002C)
    __rt_lib_init_atexit_1                   0x080001d3   Thumb Code     0  libinit2.o(.ARM.Collect$$libinit$$0000001B)
    __rt_lib_init_clock_1                    0x080001d3   Thumb Code     0  libinit2.o(.ARM.Collect$$libinit$$00000021)
    __rt_lib_init_cpp_1                      0x080001d3   Thumb Code     0  libinit2.o(.ARM.Collect$$libinit$$00000032)
    __rt_lib_init_exceptions_1               0x080001d3   Thumb Code     0  libinit2.o(.ARM.Collect$$libinit$$00000030)
    __rt_lib_init_fp_trap_1                  0x080001d3   Thumb Code     0  libinit2.o(.ARM.Collect$$libinit$$0000001F)
    __rt_lib_init_getenv_1                   0x080001d3   Thumb Code     0  libinit2.o(.ARM.Collect$$libinit$$00000023)
    __rt_lib_init_lc_numeric_1               0x080001d3   Thumb Code     0  libinit2.o(.ARM.Collect$$libinit$$00000017)
    __rt_lib_init_lc_time_1                  0x080001d3   Thumb Code     0  libinit2.o(.ARM.Collect$$libinit$$00000019)
    __rt_lib_init_return                     0x080001d3   Thumb Code     0  libinit2.o(.ARM.Collect$$libinit$$00000033)
    __rt_lib_init_signal_1                   0x080001d3   Thumb Code     0  libinit2.o(.ARM.Collect$$libinit$$0000001D)
    __rt_lib_init_stdio_1                    0x080001d3   Thumb Code     0  libinit2.o(.ARM.Collect$$libinit$$00000025)
    __rt_lib_shutdown                        0x080001d5   Thumb Code     0  libshutdown.o(.ARM.Collect$$libshutdown$$00000000)
    __rt_lib_shutdown_cpp_1                  0x080001d7   Thumb Code     0  libshutdown2.o(.ARM.Collect$$libshutdown$$00000002)
    __rt_lib_shutdown_fp_trap_1              0x080001d7   Thumb Code     0  libshutdown2.o(.ARM.Collect$$libshutdown$$00000007)
    __rt_lib_shutdown_heap_1                 0x080001d7   Thumb Code     0  libshutdown2.o(.ARM.Collect$$libshutdown$$0000000F)
    __rt_lib_shutdown_return                 0x080001d7   Thumb Code     0  libshutdown2.o(.ARM.Collect$$libshutdown$$00000010)
    __rt_lib_shutdown_signal_1               0x080001d7   Thumb Code     0  libshutdown2.o(.ARM.Collect$$libshutdown$$0000000A)
    __rt_lib_shutdown_stdio_1                0x080001d7   Thumb Code     0  libshutdown2.o(.ARM.Collect$$libshutdown$$00000004)
    __rt_lib_shutdown_user_alloc_1           0x080001d7   Thumb Code     0  libshutdown2.o(.ARM.Collect$$libshutdown$$0000000C)
    __rt_entry                               0x080001d9   Thumb Code     0  __rtentry.o(.ARM.Collect$$rtentry$$00000000)
    __rt_entry_presh_1                       0x080001d9   Thumb Code     0  __rtentry2.o(.ARM.Collect$$rtentry$$00000002)
    __rt_entry_sh                            0x080001d9   Thumb Code     0  __rtentry4.o(.ARM.Collect$$rtentry$$00000004)
    __rt_entry_li                            0x080001df   Thumb Code     0  __rtentry2.o(.ARM.Collect$$rtentry$$0000000A)
    __rt_entry_postsh_1                      0x080001df   Thumb Code     0  __rtentry2.o(.ARM.Collect$$rtentry$$00000009)
    __rt_entry_main                          0x080001e3   Thumb Code     0  __rtentry2.o(.ARM.Collect$$rtentry$$0000000D)
    __rt_entry_postli_1                      0x080001e3   Thumb Code     0  __rtentry2.o(.ARM.Collect$$rtentry$$0000000C)
    __rt_exit                                0x080001eb   Thumb Code     0  rtexit.o(.ARM.Collect$$rtexit$$00000000)
    __rt_exit_ls                             0x080001ed   Thumb Code     0  rtexit2.o(.ARM.Collect$$rtexit$$00000003)
    __rt_exit_prels_1                        0x080001ed   Thumb Code     0  rtexit2.o(.ARM.Collect$$rtexit$$00000002)
    __rt_exit_exit                           0x080001f1   Thumb Code     0  rtexit2.o(.ARM.Collect$$rtexit$$00000004)
    main                                     0x080001f9   Thumb Code   674  main.o(.text)
    NMI_Handler                              0x08000605   Thumb Code     2  stm32f10x_it.o(.text)
    HardFault_Handler                        0x08000607   Thumb Code     4  stm32f10x_it.o(.text)
    MemManage_Handler                        0x0800060b   Thumb Code     4  stm32f10x_it.o(.text)
    BusFault_Handler                         0x0800060f   Thumb Code     4  stm32f10x_it.o(.text)
    UsageFault_Handler                       0x08000613   Thumb Code     4  stm32f10x_it.o(.text)
    SVC_Handler                              0x08000617   Thumb Code     2  stm32f10x_it.o(.text)
    DebugMon_Handler                         0x08000619   Thumb Code     2  stm32f10x_it.o(.text)
    PendSV_Handler                           0x0800061b   Thumb Code     2  stm32f10x_it.o(.text)
    SysTick_Handler                          0x0800061d   Thumb Code     2  stm32f10x_it.o(.text)
    SystemInit                               0x080006ff   Thumb Code    78  system_stm32f10x.o(.text)
    SystemCoreClockUpdate                    0x0800074d   Thumb Code   142  system_stm32f10x.o(.text)
    delay_init                               0x08000801   Thumb Code    50  delay.o(.text)
    delay_us                                 0x08000833   Thumb Code    72  delay.o(.text)
    delay_ms                                 0x0800087b   Thumb Code    72  delay.o(.text)
    Reset_Handler                            0x080008d5   Thumb Code     8  startup_stm32f10x_hd.o(.text)
    ADC1_2_IRQHandler                        0x080008ef   Thumb Code     0  startup_stm32f10x_hd.o(.text)
    ADC3_IRQHandler                          0x080008ef   Thumb Code     0  startup_stm32f10x_hd.o(.text)
    CAN1_RX1_IRQHandler                      0x080008ef   Thumb Code     0  startup_stm32f10x_hd.o(.text)
    CAN1_SCE_IRQHandler                      0x080008ef   Thumb Code     0  startup_stm32f10x_hd.o(.text)
    DMA1_Channel1_IRQHandler                 0x080008ef   Thumb Code     0  startup_stm32f10x_hd.o(.text)
    DMA1_Channel2_IRQHandler                 0x080008ef   Thumb Code     0  startup_stm32f10x_hd.o(.text)
    DMA1_Channel3_IRQHandler                 0x080008ef   Thumb Code     0  startup_stm32f10x_hd.o(.text)
    DMA1_Channel4_IRQHandler                 0x080008ef   Thumb Code     0  startup_stm32f10x_hd.o(.text)
    DMA1_Channel5_IRQHandler                 0x080008ef   Thumb Code     0  startup_stm32f10x_hd.o(.text)
    DMA1_Channel6_IRQHandler                 0x080008ef   Thumb Code     0  startup_stm32f10x_hd.o(.text)
    DMA1_Channel7_IRQHandler                 0x080008ef   Thumb Code     0  startup_stm32f10x_hd.o(.text)
    DMA2_Channel1_IRQHandler                 0x080008ef   Thumb Code     0  startup_stm32f10x_hd.o(.text)
    DMA2_Channel2_IRQHandler                 0x080008ef   Thumb Code     0  startup_stm32f10x_hd.o(.text)
    DMA2_Channel3_IRQHandler                 0x080008ef   Thumb Code     0  startup_stm32f10x_hd.o(.text)
    DMA2_Channel4_5_IRQHandler               0x080008ef   Thumb Code     0  startup_stm32f10x_hd.o(.text)
    EXTI0_IRQHandler                         0x080008ef   Thumb Code     0  startup_stm32f10x_hd.o(.text)
    EXTI15_10_IRQHandler                     0x080008ef   Thumb Code     0  startup_stm32f10x_hd.o(.text)
    EXTI1_IRQHandler                         0x080008ef   Thumb Code     0  startup_stm32f10x_hd.o(.text)
    EXTI2_IRQHandler                         0x080008ef   Thumb Code     0  startup_stm32f10x_hd.o(.text)
    EXTI3_IRQHandler                         0x080008ef   Thumb Code     0  startup_stm32f10x_hd.o(.text)
    EXTI4_IRQHandler                         0x080008ef   Thumb Code     0  startup_stm32f10x_hd.o(.text)
    EXTI9_5_IRQHandler                       0x080008ef   Thumb Code     0  startup_stm32f10x_hd.o(.text)
    FLASH_IRQHandler                         0x080008ef   Thumb Code     0  startup_stm32f10x_hd.o(.text)
    FSMC_IRQHandler                          0x080008ef   Thumb Code     0  startup_stm32f10x_hd.o(.text)
    I2C1_ER_IRQHandler                       0x080008ef   Thumb Code     0  startup_stm32f10x_hd.o(.text)
    I2C1_EV_IRQHandler                       0x080008ef   Thumb Code     0  startup_stm32f10x_hd.o(.text)
    I2C2_ER_IRQHandler                       0x080008ef   Thumb Code     0  startup_stm32f10x_hd.o(.text)
    I2C2_EV_IRQHandler                       0x080008ef   Thumb Code     0  startup_stm32f10x_hd.o(.text)
    PVD_IRQHandler                           0x080008ef   Thumb Code     0  startup_stm32f10x_hd.o(.text)
    RCC_IRQHandler                           0x080008ef   Thumb Code     0  startup_stm32f10x_hd.o(.text)
    RTCAlarm_IRQHandler                      0x080008ef   Thumb Code     0  startup_stm32f10x_hd.o(.text)
    RTC_IRQHandler                           0x080008ef   Thumb Code     0  startup_stm32f10x_hd.o(.text)
    SDIO_IRQHandler                          0x080008ef   Thumb Code     0  startup_stm32f10x_hd.o(.text)
    SPI1_IRQHandler                          0x080008ef   Thumb Code     0  startup_stm32f10x_hd.o(.text)
    SPI2_IRQHandler                          0x080008ef   Thumb Code     0  startup_stm32f10x_hd.o(.text)
    SPI3_IRQHandler                          0x080008ef   Thumb Code     0  startup_stm32f10x_hd.o(.text)
    TAMPER_IRQHandler                        0x080008ef   Thumb Code     0  startup_stm32f10x_hd.o(.text)
    TIM1_BRK_IRQHandler                      0x080008ef   Thumb Code     0  startup_stm32f10x_hd.o(.text)
    TIM1_CC_IRQHandler                       0x080008ef   Thumb Code     0  startup_stm32f10x_hd.o(.text)
    TIM1_TRG_COM_IRQHandler                  0x080008ef   Thumb Code     0  startup_stm32f10x_hd.o(.text)
    TIM1_UP_IRQHandler                       0x080008ef   Thumb Code     0  startup_stm32f10x_hd.o(.text)
    TIM2_IRQHandler                          0x080008ef   Thumb Code     0  startup_stm32f10x_hd.o(.text)
    TIM3_IRQHandler                          0x080008ef   Thumb Code     0  startup_stm32f10x_hd.o(.text)
    TIM4_IRQHandler                          0x080008ef   Thumb Code     0  startup_stm32f10x_hd.o(.text)
    TIM5_IRQHandler                          0x080008ef   Thumb Code     0  startup_stm32f10x_hd.o(.text)
    TIM6_IRQHandler                          0x080008ef   Thumb Code     0  startup_stm32f10x_hd.o(.text)
    TIM7_IRQHandler                          0x080008ef   Thumb Code     0  startup_stm32f10x_hd.o(.text)
    TIM8_BRK_IRQHandler                      0x080008ef   Thumb Code     0  startup_stm32f10x_hd.o(.text)
    TIM8_CC_IRQHandler                       0x080008ef   Thumb Code     0  startup_stm32f10x_hd.o(.text)
    TIM8_TRG_COM_IRQHandler                  0x080008ef   Thumb Code     0  startup_stm32f10x_hd.o(.text)
    TIM8_UP_IRQHandler                       0x080008ef   Thumb Code     0  startup_stm32f10x_hd.o(.text)
    UART4_IRQHandler                         0x080008ef   Thumb Code     0  startup_stm32f10x_hd.o(.text)
    UART5_IRQHandler                         0x080008ef   Thumb Code     0  startup_stm32f10x_hd.o(.text)
    USBWakeUp_IRQHandler                     0x080008ef   Thumb Code     0  startup_stm32f10x_hd.o(.text)
    USB_HP_CAN1_TX_IRQHandler                0x080008ef   Thumb Code     0  startup_stm32f10x_hd.o(.text)
    USB_LP_CAN1_RX0_IRQHandler               0x080008ef   Thumb Code     0  startup_stm32f10x_hd.o(.text)
    WWDG_IRQHandler                          0x080008ef   Thumb Code     0  startup_stm32f10x_hd.o(.text)
    __user_initial_stackheap                 0x080008f1   Thumb Code     0  startup_stm32f10x_hd.o(.text)
    GPIO_DeInit                              0x08000915   Thumb Code   172  stm32f10x_gpio.o(.text)
    GPIO_AFIODeInit                          0x080009c1   Thumb Code    20  stm32f10x_gpio.o(.text)
    GPIO_Init                                0x080009d5   Thumb Code   278  stm32f10x_gpio.o(.text)
    GPIO_StructInit                          0x08000aeb   Thumb Code    16  stm32f10x_gpio.o(.text)
    GPIO_ReadInputDataBit                    0x08000afb   Thumb Code    18  stm32f10x_gpio.o(.text)
    GPIO_ReadInputData                       0x08000b0d   Thumb Code     8  stm32f10x_gpio.o(.text)
    GPIO_ReadOutputDataBit                   0x08000b15   Thumb Code    18  stm32f10x_gpio.o(.text)
    GPIO_ReadOutputData                      0x08000b27   Thumb Code     8  stm32f10x_gpio.o(.text)
    GPIO_SetBits                             0x08000b2f   Thumb Code     4  stm32f10x_gpio.o(.text)
    GPIO_ResetBits                           0x08000b33   Thumb Code     4  stm32f10x_gpio.o(.text)
    GPIO_WriteBit                            0x08000b37   Thumb Code    10  stm32f10x_gpio.o(.text)
    GPIO_Write                               0x08000b41   Thumb Code     4  stm32f10x_gpio.o(.text)
    GPIO_PinLockConfig                       0x08000b45   Thumb Code    18  stm32f10x_gpio.o(.text)
    GPIO_EventOutputConfig                   0x08000b57   Thumb Code    26  stm32f10x_gpio.o(.text)
    GPIO_EventOutputCmd                      0x08000b71   Thumb Code     6  stm32f10x_gpio.o(.text)
    GPIO_PinRemapConfig                      0x08000b77   Thumb Code   138  stm32f10x_gpio.o(.text)
    GPIO_EXTILineConfig                      0x08000c01   Thumb Code    66  stm32f10x_gpio.o(.text)
    GPIO_ETH_MediaInterfaceConfig            0x08000c43   Thumb Code     8  stm32f10x_gpio.o(.text)
    RCC_DeInit                               0x08000c71   Thumb Code    64  stm32f10x_rcc.o(.text)
    RCC_HSEConfig                            0x08000cb1   Thumb Code    70  stm32f10x_rcc.o(.text)
    RCC_GetFlagStatus                        0x08000cf7   Thumb Code    56  stm32f10x_rcc.o(.text)
    RCC_WaitForHSEStartUp                    0x08000d2f   Thumb Code    56  stm32f10x_rcc.o(.text)
    RCC_AdjustHSICalibrationValue            0x08000d67   Thumb Code    20  stm32f10x_rcc.o(.text)
    RCC_HSICmd                               0x08000d7b   Thumb Code     6  stm32f10x_rcc.o(.text)
    RCC_PLLConfig                            0x08000d81   Thumb Code    24  stm32f10x_rcc.o(.text)
    RCC_PLLCmd                               0x08000d99   Thumb Code     6  stm32f10x_rcc.o(.text)
    RCC_SYSCLKConfig                         0x08000d9f   Thumb Code    18  stm32f10x_rcc.o(.text)
    RCC_GetSYSCLKSource                      0x08000db1   Thumb Code    10  stm32f10x_rcc.o(.text)
    RCC_HCLKConfig                           0x08000dbb   Thumb Code    18  stm32f10x_rcc.o(.text)
    RCC_PCLK1Config                          0x08000dcd   Thumb Code    18  stm32f10x_rcc.o(.text)
    RCC_PCLK2Config                          0x08000ddf   Thumb Code    20  stm32f10x_rcc.o(.text)
    RCC_ITConfig                             0x08000df3   Thumb Code    26  stm32f10x_rcc.o(.text)
    RCC_USBCLKConfig                         0x08000e0d   Thumb Code     8  stm32f10x_rcc.o(.text)
    RCC_ADCCLKConfig                         0x08000e15   Thumb Code    18  stm32f10x_rcc.o(.text)
    RCC_LSEConfig                            0x08000e27   Thumb Code    50  stm32f10x_rcc.o(.text)
    RCC_LSICmd                               0x08000e59   Thumb Code     6  stm32f10x_rcc.o(.text)
    RCC_RTCCLKConfig                         0x08000e5f   Thumb Code    12  stm32f10x_rcc.o(.text)
    RCC_RTCCLKCmd                            0x08000e6b   Thumb Code     8  stm32f10x_rcc.o(.text)
    RCC_GetClocksFreq                        0x08000e73   Thumb Code   192  stm32f10x_rcc.o(.text)
    RCC_AHBPeriphClockCmd                    0x08000f33   Thumb Code    26  stm32f10x_rcc.o(.text)
    RCC_APB2PeriphClockCmd                   0x08000f4d   Thumb Code    26  stm32f10x_rcc.o(.text)
    RCC_APB1PeriphClockCmd                   0x08000f67   Thumb Code    26  stm32f10x_rcc.o(.text)
    RCC_APB2PeriphResetCmd                   0x08000f81   Thumb Code    26  stm32f10x_rcc.o(.text)
    RCC_APB1PeriphResetCmd                   0x08000f9b   Thumb Code    26  stm32f10x_rcc.o(.text)
    RCC_BackupResetCmd                       0x08000fb5   Thumb Code     8  stm32f10x_rcc.o(.text)
    RCC_ClockSecuritySystemCmd               0x08000fbd   Thumb Code     6  stm32f10x_rcc.o(.text)
    RCC_MCOConfig                            0x08000fc3   Thumb Code     6  stm32f10x_rcc.o(.text)
    RCC_ClearFlag                            0x08000fc9   Thumb Code    14  stm32f10x_rcc.o(.text)
    RCC_GetITStatus                          0x08000fd7   Thumb Code    20  stm32f10x_rcc.o(.text)
    RCC_ClearITPendingBit                    0x08000feb   Thumb Code     6  stm32f10x_rcc.o(.text)
    USART_DeInit                             0x08001015   Thumb Code   134  stm32f10x_usart.o(.text)
    USART_Init                               0x0800109b   Thumb Code   210  stm32f10x_usart.o(.text)
    USART_StructInit                         0x0800116d   Thumb Code    24  stm32f10x_usart.o(.text)
    USART_ClockInit                          0x08001185   Thumb Code    34  stm32f10x_usart.o(.text)
    USART_ClockStructInit                    0x080011a7   Thumb Code    12  stm32f10x_usart.o(.text)
    USART_Cmd                                0x080011b3   Thumb Code    24  stm32f10x_usart.o(.text)
    USART_ITConfig                           0x080011cb   Thumb Code    74  stm32f10x_usart.o(.text)
    USART_DMACmd                             0x08001215   Thumb Code    18  stm32f10x_usart.o(.text)
    USART_SetAddress                         0x08001227   Thumb Code    18  stm32f10x_usart.o(.text)
    USART_WakeUpConfig                       0x08001239   Thumb Code    18  stm32f10x_usart.o(.text)
    USART_ReceiverWakeUpCmd                  0x0800124b   Thumb Code    24  stm32f10x_usart.o(.text)
    USART_LINBreakDetectLengthConfig         0x08001263   Thumb Code    18  stm32f10x_usart.o(.text)
    USART_LINCmd                             0x08001275   Thumb Code    24  stm32f10x_usart.o(.text)
    USART_SendData                           0x0800128d   Thumb Code     8  stm32f10x_usart.o(.text)
    USART_ReceiveData                        0x08001295   Thumb Code    10  stm32f10x_usart.o(.text)
    USART_SendBreak                          0x0800129f   Thumb Code    10  stm32f10x_usart.o(.text)
    USART_SetGuardTime                       0x080012a9   Thumb Code    16  stm32f10x_usart.o(.text)
    USART_SetPrescaler                       0x080012b9   Thumb Code    16  stm32f10x_usart.o(.text)
    USART_SmartCardCmd                       0x080012c9   Thumb Code    24  stm32f10x_usart.o(.text)
    USART_SmartCardNACKCmd                   0x080012e1   Thumb Code    24  stm32f10x_usart.o(.text)
    USART_HalfDuplexCmd                      0x080012f9   Thumb Code    24  stm32f10x_usart.o(.text)
    USART_OverSampling8Cmd                   0x08001311   Thumb Code    22  stm32f10x_usart.o(.text)
    USART_OneBitMethodCmd                    0x08001327   Thumb Code    24  stm32f10x_usart.o(.text)
    USART_IrDAConfig                         0x0800133f   Thumb Code    18  stm32f10x_usart.o(.text)
    USART_IrDACmd                            0x08001351   Thumb Code    24  stm32f10x_usart.o(.text)
    USART_GetFlagStatus                      0x08001369   Thumb Code    26  stm32f10x_usart.o(.text)
    USART_ClearFlag                          0x08001383   Thumb Code    18  stm32f10x_usart.o(.text)
    USART_GetITStatus                        0x08001395   Thumb Code    84  stm32f10x_usart.o(.text)
    USART_ClearITPendingBit                  0x080013e9   Thumb Code    52  stm32f10x_usart.o(.text)
    NVIC_PriorityGroupConfig                 0x0800141d   Thumb Code    10  misc.o(.text)
    NVIC_Init                                0x08001427   Thumb Code   100  misc.o(.text)
    NVIC_SetVectorTable                      0x0800148b   Thumb Code    14  misc.o(.text)
    NVIC_SystemLPConfig                      0x08001499   Thumb Code    34  misc.o(.text)
    SysTick_CLKSourceConfig                  0x080014bb   Thumb Code    40  misc.o(.text)
    SPI_I2S_DeInit                           0x080014f9   Thumb Code    76  stm32f10x_spi.o(.text)
    SPI_Init                                 0x08001545   Thumb Code    60  stm32f10x_spi.o(.text)
    I2S_Init                                 0x08001581   Thumb Code   226  stm32f10x_spi.o(.text)
    SPI_StructInit                           0x08001663   Thumb Code    24  stm32f10x_spi.o(.text)
    I2S_StructInit                           0x0800167b   Thumb Code    20  stm32f10x_spi.o(.text)
    SPI_Cmd                                  0x0800168f   Thumb Code    24  stm32f10x_spi.o(.text)
    I2S_Cmd                                  0x080016a7   Thumb Code    24  stm32f10x_spi.o(.text)
    SPI_I2S_ITConfig                         0x080016bf   Thumb Code    32  stm32f10x_spi.o(.text)
    SPI_I2S_DMACmd                           0x080016df   Thumb Code    18  stm32f10x_spi.o(.text)
    SPI_I2S_SendData                         0x080016f1   Thumb Code     4  stm32f10x_spi.o(.text)
    SPI_I2S_ReceiveData                      0x080016f5   Thumb Code     6  stm32f10x_spi.o(.text)
    SPI_NSSInternalSoftwareConfig            0x080016fb   Thumb Code    30  stm32f10x_spi.o(.text)
    SPI_SSOutputCmd                          0x08001719   Thumb Code    24  stm32f10x_spi.o(.text)
    SPI_DataSizeConfig                       0x08001731   Thumb Code    18  stm32f10x_spi.o(.text)
    SPI_TransmitCRC                          0x08001743   Thumb Code    10  stm32f10x_spi.o(.text)
    SPI_CalculateCRC                         0x0800174d   Thumb Code    24  stm32f10x_spi.o(.text)
    SPI_GetCRC                               0x08001765   Thumb Code    16  stm32f10x_spi.o(.text)
    SPI_GetCRCPolynomial                     0x08001775   Thumb Code     6  stm32f10x_spi.o(.text)
    SPI_BiDirectionalLineConfig              0x0800177b   Thumb Code    28  stm32f10x_spi.o(.text)
    SPI_I2S_GetFlagStatus                    0x08001797   Thumb Code    18  stm32f10x_spi.o(.text)
    SPI_I2S_ClearFlag                        0x080017a9   Thumb Code     6  stm32f10x_spi.o(.text)
    SPI_I2S_GetITStatus                      0x080017af   Thumb Code    52  stm32f10x_spi.o(.text)
    SPI_I2S_ClearITPendingBit                0x080017e3   Thumb Code    20  stm32f10x_spi.o(.text)
    W25Q64_Init                              0x08001805   Thumb Code   194  w25q64.o(.text)
    SPI3_WriteReadByte                       0x080018c7   Thumb Code    50  w25q64.o(.text)
    W25Q64_ReadID                            0x080018f9   Thumb Code    64  w25q64.o(.text)
    W25Q64_Read                              0x08001939   Thumb Code    70  w25q64.o(.text)
    W25Q64_ReadSR                            0x0800197f   Thumb Code    36  w25q64.o(.text)
    W25Q64_Wait_Busy                         0x080019a3   Thumb Code    18  w25q64.o(.text)
    W25Q64_Write_Enable                      0x080019b5   Thumb Code    24  w25q64.o(.text)
    W25Q64_Write_Page                        0x080019cd   Thumb Code    76  w25q64.o(.text)
    W25Q64_Write_NoCheck                     0x08001a19   Thumb Code    66  w25q64.o(.text)
    W25Q64_Erase_Sector                      0x08001a5b   Thumb Code    62  w25q64.o(.text)
    W25Q64_Write                             0x08001a99   Thumb Code   180  w25q64.o(.text)
    W25Q64_Erase_Chip                        0x08001b4d   Thumb Code    36  w25q64.o(.text)
    USART2_Init                              0x08001b89   Thumb Code   178  usart2.o(.text)
    Usart2_Read_byte                         0x08001c3b   Thumb Code    26  usart2.o(.text)
    Usart2_Send_byte                         0x08001c55   Thumb Code    28  usart2.o(.text)
    Usart2_Send_string                       0x08001c71   Thumb Code    22  usart2.o(.text)
    USART2_IRQHandler                        0x08001c87   Thumb Code    80  usart2.o(.text)
    Led_Init                                 0x08001ce9   Thumb Code    98  key.o(.text)
    KEY_Init                                 0x08001d4b   Thumb Code    46  key.o(.text)
    usart3_send_byte                         0x08001d85   Thumb Code    28  my1680.o(.text)
    voice_send_command                       0x08001da1   Thumb Code    38  my1680.o(.text)
    Speech_algorithm                         0x08001dc7   Thumb Code    52  my1680.o(.text)
    usart3_init                              0x08001dfb   Thumb Code   144  my1680.o(.text)
    USART3_IRQHandler                        0x08001e8b   Thumb Code   118  my1680.o(.text)
    usart3_recv_byte                         0x08001f01   Thumb Code    26  my1680.o(.text)
    usart3_send_string                       0x08001f1b   Thumb Code    26  my1680.o(.text)
    usart3_recv_string                       0x08001f35   Thumb Code    46  my1680.o(.text)
    data_judge                               0x08001f63   Thumb Code   516  my1680.o(.text)
    data_judge_tem                           0x08002167   Thumb Code   760  my1680.o(.text)
    data_judge_hum                           0x0800245f   Thumb Code   560  my1680.o(.text)
    OLED_SPI_Init                            0x08002691   Thumb Code   148  oled.o(.text)
    OLED_WR_Byte                             0x08002725   Thumb Code   112  oled.o(.text)
    OLED_SetPos                              0x08002795   Thumb Code    44  oled.o(.text)
    OLED_Clear                               0x080027c1   Thumb Code    48  oled.o(.text)
    OLED_Init                                0x080027f1   Thumb Code   436  oled.o(.text)
    Draw_Point                               0x080029a5   Thumb Code    20  oled.o(.text)
    OLED_ShowPhoto                           0x080029b9   Thumb Code    84  oled.o(.text)
    OLED_ShowChar                            0x08002a0d   Thumb Code    80  oled.o(.text)
    OLED_ShowStr                             0x08002a5d   Thumb Code    84  oled.o(.text)
    OLED_Showchinaese                        0x08002ab1   Thumb Code   106  oled.o(.text)
    OLED_ShowCH                              0x08002b1b   Thumb Code   106  oled.o(.text)
    OLED_ShowChineseHz                       0x08002b85   Thumb Code    80  oled.o(.text)
    Usart1_Init                              0x08002bd9   Thumb Code   162  usart1.o(.text)
    Usart1_Send_byte                         0x08002c7b   Thumb Code    28  usart1.o(.text)
    Usart1_Read_byte                         0x08002c97   Thumb Code    26  usart1.o(.text)
    Usart1_Send_string                       0x08002cb1   Thumb Code    22  usart1.o(.text)
    Usart1_Read_string                       0x08002cc7   Thumb Code    46  usart1.o(.text)
    _sys_exit                                0x08002cf5   Thumb Code     4  usart1.o(.text)
    fputc                                    0x08002cf9   Thumb Code    16  usart1.o(.text)
    USART1_IRQHandler                        0x08002d09   Thumb Code   114  usart1.o(.text)
    __use_no_semihosting                     0x08002d8d   Thumb Code     2  use_no_semi_2.o(.text)
    __2printf                                0x08002d91   Thumb Code    20  noretval__2printf.o(.text)
    __2sprintf                               0x08002da9   Thumb Code    34  noretval__2sprintf.o(.text)
    __printf                                 0x08002dd1   Thumb Code   104  __printf.o(.text)
    _printf_str                              0x08002e39   Thumb Code    82  _printf_str.o(.text)
    _printf_int_dec                          0x08002e8d   Thumb Code   104  _printf_dec.o(.text)
    strstr                                   0x08002f05   Thumb Code    36  strstr.o(.text)
    strcasecmp                               0x08002f29   Thumb Code    42  strcasecmp.o(.text)
    __aeabi_memclr                           0x08002f53   Thumb Code     0  rt_memclr.o(.text)
    __rt_memclr                              0x08002f53   Thumb Code    68  rt_memclr.o(.text)
    _memset                                  0x08002f57   Thumb Code     0  rt_memclr.o(.text)
    __aeabi_memclr4                          0x08002f97   Thumb Code     0  rt_memclr_w.o(.text)
    __aeabi_memclr8                          0x08002f97   Thumb Code     0  rt_memclr_w.o(.text)
    __rt_memclr_w                            0x08002f97   Thumb Code    78  rt_memclr_w.o(.text)
    _memset_w                                0x08002f9b   Thumb Code     0  rt_memclr_w.o(.text)
    strcmp                                   0x08002fe5   Thumb Code   128  strcmpv7m.o(.text)
    __use_two_region_memory                  0x08003065   Thumb Code     2  heapauxi.o(.text)
    __rt_heap_escrow$2region                 0x08003067   Thumb Code     2  heapauxi.o(.text)
    __rt_heap_expand$2region                 0x08003069   Thumb Code     2  heapauxi.o(.text)
    __I$use$semihosting                      0x0800306b   Thumb Code     0  use_no_semi.o(.text)
    __use_no_semihosting_swi                 0x0800306b   Thumb Code     2  use_no_semi.o(.text)
    __read_errno                             0x0800306d   Thumb Code    10  _rserrno.o(.text)
    __set_errno                              0x08003077   Thumb Code    12  _rserrno.o(.text)
    tolower                                  0x08003083   Thumb Code    26  tolower.o(.text)
    _printf_int_common                       0x0800309d   Thumb Code   178  _printf_intcommon.o(.text)
    _printf_char_common                      0x0800315b   Thumb Code    32  _printf_char_common.o(.text)
    _sputc                                   0x08003181   Thumb Code    10  _sputc.o(.text)
    _printf_cs_common                        0x0800318b   Thumb Code    20  _printf_char.o(.text)
    _printf_char                             0x0800319f   Thumb Code    16  _printf_char.o(.text)
    _printf_string                           0x080031af   Thumb Code     8  _printf_char.o(.text)
    _printf_char_file                        0x080031b9   Thumb Code    32  _printf_char_file.o(.text)
    __strtod_int                             0x08003219   Thumb Code    90  strtod.o(.text)
    __rt_ctype_table                         0x08003281   Thumb Code    16  rt_ctype_table.o(.text)
    __aeabi_errno_addr                       0x08003291   Thumb Code     8  rt_errno_addr_intlibspace.o(.text)
    __errno$intlibspace                      0x08003291   Thumb Code     0  rt_errno_addr_intlibspace.o(.text)
    __rt_errno_addr$intlibspace              0x08003291   Thumb Code     0  rt_errno_addr_intlibspace.o(.text)
    isspace                                  0x08003299   Thumb Code    18  isspace.o(.text)
    _sgetc                                   0x080032ab   Thumb Code    30  _sgetc.o(.text)
    _sbackspace                              0x080032c9   Thumb Code    34  _sgetc.o(.text)
    ferror                                   0x080032eb   Thumb Code     8  ferror.o(.text)
    __user_libspace                          0x080032f5   Thumb Code     8  libspace.o(.text)
    __user_perproc_libspace                  0x080032f5   Thumb Code     0  libspace.o(.text)
    __user_perthread_libspace                0x080032f5   Thumb Code     0  libspace.o(.text)
    __user_setup_stackheap                   0x080032fd   Thumb Code    74  sys_stackheap_outer.o(.text)
    __rt_locale                              0x08003349   Thumb Code     8  rt_locale_intlibspace.o(.text)
    _scanf_really_real                       0x0800359d   Thumb Code   684  scanf_fp.o(.text)
    exit                                     0x08003849   Thumb Code    18  exit.o(.text)
    _btod_etento                             0x0800385d   Thumb Code   224  bigflt0.o(.text)
    _scanf_really_hex_real                   0x08003941   Thumb Code   786  scanf_hexfp.o(.text)
    _scanf_really_infnan                     0x08003c61   Thumb Code   292  scanf_infnan.o(.text)
    __aeabi_llsl                             0x08003d95   Thumb Code     0  llshl.o(.text)
    _ll_shift_l                              0x08003d95   Thumb Code    38  llshl.o(.text)
    _chval                                   0x08003dbb   Thumb Code    28  _chval.o(.text)
    __btod_div_common                        0x08003dd7   Thumb Code   696  btod.o(CL$$btod_div_common)
    _e2d                                     0x08004111   Thumb Code   122  btod.o(CL$$btod_e2d)
    _e2e                                     0x08004195   Thumb Code   220  btod.o(CL$$btod_e2e)
    _btod_ediv                               0x08004271   Thumb Code    42  btod.o(CL$$btod_ediv)
    _btod_edivd                              0x0800429b   Thumb Code    42  btod.o(CL$$btod_edivd)
    _btod_emul                               0x080042c5   Thumb Code    42  btod.o(CL$$btod_emul)
    _btod_emuld                              0x080042ef   Thumb Code    42  btod.o(CL$$btod_emuld)
    __btod_mult_common                       0x08004319   Thumb Code   580  btod.o(CL$$btod_mult_common)
    __ARM_fpclassify                         0x0800455d   Thumb Code    40  fpclassify.o(i.__ARM_fpclassify)
    __kernel_poly                            0x08004585   Thumb Code   170  poly.o(i.__kernel_poly)
    __mathlib_dbl_divzero                    0x08004631   Thumb Code    12  dunder.o(i.__mathlib_dbl_divzero)
    __mathlib_dbl_infnan2                    0x08004641   Thumb Code     4  dunder.o(i.__mathlib_dbl_infnan2)
    __mathlib_dbl_invalid                    0x08004645   Thumb Code    12  dunder.o(i.__mathlib_dbl_invalid)
    __mathlib_dbl_overflow                   0x08004651   Thumb Code    14  dunder.o(i.__mathlib_dbl_overflow)
    __mathlib_dbl_underflow                  0x08004661   Thumb Code    10  dunder.o(i.__mathlib_dbl_underflow)
    __mathlib_narrow                         0x08004671   Thumb Code    16  narrow.o(i.__mathlib_narrow)
    __mathlib_tofloat                        0x08004681   Thumb Code   184  narrow.o(i.__mathlib_tofloat)
    __support_ldexp                          0x0800473d   Thumb Code    22  ldexp.o(i.__support_ldexp)
    _is_digit                                0x08004753   Thumb Code    14  __printf_wp.o(i._is_digit)
    frexp                                    0x08004761   Thumb Code    80  frexp.o(i.frexp)
    ldexp                                    0x080047b9   Thumb Code   116  ldexp.o(i.ldexp)
    pow                                      0x0800482d   Thumb Code  2512  pow.o(i.pow)
    sqrt                                     0x08005205   Thumb Code    76  sqrt.o(i.sqrt)
    strtod                                   0x08005251   Thumb Code    28  strtod.o(i.strtod)
    _get_lc_numeric                          0x0800526d   Thumb Code    44  lc_numeric_c.o(locale$$code)
    _get_lc_ctype                            0x08005299   Thumb Code    44  lc_ctype_c.o(locale$$code)
    __aeabi_d2f                              0x080052c5   Thumb Code     0  d2f.o(x$fpl$d2f)
    _d2f                                     0x080052c5   Thumb Code    98  d2f.o(x$fpl$d2f)
    __aeabi_dadd                             0x08005329   Thumb Code     0  daddsub_clz.o(x$fpl$dadd)
    _dadd                                    0x08005329   Thumb Code   332  daddsub_clz.o(x$fpl$dadd)
    __fpl_dcheck_NaN1                        0x08005479   Thumb Code    10  dcheck1.o(x$fpl$dcheck1)
    __fpl_dcmp_Inf                           0x08005489   Thumb Code    24  dcmpi.o(x$fpl$dcmpinf)
    __aeabi_ddiv                             0x080054a1   Thumb Code     0  ddiv.o(x$fpl$ddiv)
    _ddiv                                    0x080054a1   Thumb Code   552  ddiv.o(x$fpl$ddiv)
    __aeabi_cdcmpeq                          0x08005751   Thumb Code     0  deqf.o(x$fpl$deqf)
    _dcmpeq                                  0x08005751   Thumb Code   120  deqf.o(x$fpl$deqf)
    __aeabi_d2iz                             0x080057c9   Thumb Code     0  dfix.o(x$fpl$dfix)
    _dfix                                    0x080057c9   Thumb Code    94  dfix.o(x$fpl$dfix)
    __aeabi_i2d                              0x08005827   Thumb Code     0  dflt_clz.o(x$fpl$dflt)
    _dflt                                    0x08005827   Thumb Code    46  dflt_clz.o(x$fpl$dflt)
    __aeabi_cdcmple                          0x08005855   Thumb Code     0  dleqf.o(x$fpl$dleqf)
    _dcmple                                  0x08005855   Thumb Code   120  dleqf.o(x$fpl$dleqf)
    __fpl_dcmple_InfNaN                      0x080058b7   Thumb Code     0  dleqf.o(x$fpl$dleqf)
    __aeabi_dmul                             0x080058cd   Thumb Code     0  dmul.o(x$fpl$dmul)
    _dmul                                    0x080058cd   Thumb Code   332  dmul.o(x$fpl$dmul)
    __fpl_dnaninf                            0x08005a21   Thumb Code   156  dnaninf.o(x$fpl$dnaninf)
    __fpl_dretinf                            0x08005abd   Thumb Code    12  dretinf.o(x$fpl$dretinf)
    __aeabi_cdrcmple                         0x08005ac9   Thumb Code     0  drleqf.o(x$fpl$drleqf)
    _drcmple                                 0x08005ac9   Thumb Code   108  drleqf.o(x$fpl$drleqf)
    __aeabi_drsub                            0x08005b35   Thumb Code     0  daddsub_clz.o(x$fpl$drsb)
    _drsb                                    0x08005b35   Thumb Code    22  daddsub_clz.o(x$fpl$drsb)
    _dsqrt                                   0x08005b4d   Thumb Code   456  dsqrt_noumaal.o(x$fpl$dsqrt)
    __aeabi_dsub                             0x08005d19   Thumb Code     0  daddsub_clz.o(x$fpl$dsub)
    _dsub                                    0x08005d19   Thumb Code   464  daddsub_clz.o(x$fpl$dsub)
    __aeabi_fadd                             0x08005eed   Thumb Code     0  faddsub_clz.o(x$fpl$fadd)
    _fadd                                    0x08005eed   Thumb Code   196  faddsub_clz.o(x$fpl$fadd)
    __fpl_fcmp_Inf                           0x08005fb1   Thumb Code    24  fcmpi.o(x$fpl$fcmpinf)
    __aeabi_cfcmpeq                          0x08005fc9   Thumb Code     0  feqf.o(x$fpl$feqf)
    _fcmpeq                                  0x08005fc9   Thumb Code   104  feqf.o(x$fpl$feqf)
    __aeabi_f2iz                             0x08006031   Thumb Code     0  ffix.o(x$fpl$ffix)
    _ffix                                    0x08006031   Thumb Code    54  ffix.o(x$fpl$ffix)
    __aeabi_f2uiz                            0x08006069   Thumb Code     0  ffixu.o(x$fpl$ffixu)
    _ffixu                                   0x08006069   Thumb Code    62  ffixu.o(x$fpl$ffixu)
    __aeabi_i2f                              0x080060a9   Thumb Code     0  fflt_clz.o(x$fpl$fflt)
    _fflt                                    0x080060a9   Thumb Code    48  fflt_clz.o(x$fpl$fflt)
    __aeabi_ui2f                             0x080060d9   Thumb Code     0  fflt_clz.o(x$fpl$ffltu)
    _ffltu                                   0x080060d9   Thumb Code    38  fflt_clz.o(x$fpl$ffltu)
    __aeabi_fmul                             0x08006101   Thumb Code     0  fmul.o(x$fpl$fmul)
    _fmul                                    0x08006101   Thumb Code   258  fmul.o(x$fpl$fmul)
    __fpl_fnaninf                            0x08006203   Thumb Code   140  fnaninf.o(x$fpl$fnaninf)
    __fpl_fretinf                            0x0800628f   Thumb Code    10  fretinf.o(x$fpl$fretinf)
    __aeabi_frsub                            0x08006299   Thumb Code     0  faddsub_clz.o(x$fpl$frsb)
    _frsb                                    0x08006299   Thumb Code    20  faddsub_clz.o(x$fpl$frsb)
    __aeabi_fsub                             0x080062ad   Thumb Code     0  faddsub_clz.o(x$fpl$fsub)
    _fsub                                    0x080062ad   Thumb Code   234  faddsub_clz.o(x$fpl$fsub)
    __ieee_status                            0x08006397   Thumb Code     6  istatus.o(x$fpl$ieeestatus)
    __fpl_return_NaN                         0x0800639d   Thumb Code   100  retnan.o(x$fpl$retnan)
    __ARM_scalbn                             0x08006401   Thumb Code    92  scalbn.o(x$fpl$scalbn)
    _scanf_real                              0x0800645d   Thumb Code     4  scanf1.o(x$fpl$scanf1)
    _scanf_hex_real                          0x08006461   Thumb Code     4  scanf2.o(x$fpl$scanf2)
    _scanf_infnan                            0x08006465   Thumb Code     4  scanf2.o(x$fpl$scanf2)
    __fpl_cmpreturn                          0x08006469   Thumb Code    48  trapv.o(x$fpl$trapveneer)
    __I$use$fp                               0x08006498   Number         0  usenofp.o(x$fpl$usenofp)
    ascii_8_16                               0x08006498   Data        1520  oledfont.o(.constdata)
    ziku                                     0x08006a88   Data        1152  oledfont.o(.constdata)
    __mathlib_zero                           0x08006f90   Data           8  qnan.o(.constdata)
    Region$$Table$$Base                      0x0800702c   Number         0  anon$$obj.o(Region$$Table)
    Region$$Table$$Limit                     0x0800704c   Number         0  anon$$obj.o(Region$$Table)
    __aeabi_HUGE_VAL                         0x0800704c   Data           0  fpconst.o(c$$dinf)
    __aeabi_HUGE_VALL                        0x0800704c   Data           0  fpconst.o(c$$dinf)
    __aeabi_INFINITY                         0x0800704c   Data           0  fpconst.o(c$$dinf)
    __dInf                                   0x0800704c   Data           0  fpconst.o(c$$dinf)
    __huge_val                               0x0800704c   Data           0  fpconst.o(c$$dinf)
    __dbl_max                                0x08007054   Data           0  fpconst.o(c$$dmax)
    __ctype                                  0x08007085   Data           0  lc_ctype_c.o(locale$$data)
    SystemCoreClock                          0x20000000   Data           4  system_stm32f10x.o(.data)
    AHBPrescTable                            0x20000004   Data          16  system_stm32f10x.o(.data)
    flag3                                    0x2000002c   Data           1  my1680.o(.data)
    cloth                                    0x20000030   Data           4  my1680.o(.data)
    ff                                       0x20000034   Data           1  my1680.o(.data)
    page                                     0x20000038   Data           4  my1680.o(.data)
    __stdout                                 0x20000040   Data           4  usart1.o(.data)
    w25q64_buffer                            0x20000044   Data        4096  w25q64.o(.bss)
    usart2_type                              0x20001044   Data         260  usart2.o(.bss)
    buff3                                    0x20001148   Data         100  my1680.o(.bss)
    Usart1_Readbuff                          0x200011ac   Data         100  usart1.o(.bss)
    Read                                     0x20001210   Data         256  usart1.o(.bss)
    __libspace_start                         0x20001310   Data          96  libspace.o(.bss)
    __temporary_stack_top$libspace           0x20001370   Data           0  libspace.o(.bss)



==============================================================================

Memory Map of the image

  Image Entry point : 0x08000131

  Load Region LR_IROM1 (Base: 0x08000000, Size: 0x000071cc, Max: 0x00010000, ABSOLUTE)

    Execution Region ER_IROM1 (Exec base: 0x08000000, Load base: 0x08000000, Size: 0x00007188, Max: 0x00010000, ABSOLUTE)

    Exec Addr    Load Addr    Size         Type   Attr      Idx    E Section Name        Object

    0x08000000   0x08000000   0x00000130   Data   RO          332    RESET               startup_stm32f10x_hd.o
    0x08000130   0x08000130   0x00000008   Code   RO          656  * !!!main             c_w.l(__main.o)
    0x08000138   0x08000138   0x00000034   Code   RO         1045    !!!scatter          c_w.l(__scatter.o)
    0x0800016c   0x0800016c   0x0000001a   Code   RO         1047    !!handler_copy      c_w.l(__scatter_copy.o)
    0x08000186   0x08000186   0x00000002   PAD
    0x08000188   0x08000188   0x0000001c   Code   RO         1049    !!handler_zi        c_w.l(__scatter_zi.o)
    0x080001a4   0x080001a4   0x00000000   Code   RO          641    .ARM.Collect$$_printf_percent$$00000000  c_w.l(_printf_percent.o)
    0x080001a4   0x080001a4   0x00000006   Code   RO          639    .ARM.Collect$$_printf_percent$$00000009  c_w.l(_printf_d.o)
    0x080001aa   0x080001aa   0x00000006   Code   RO          638    .ARM.Collect$$_printf_percent$$00000014  c_w.l(_printf_s.o)
    0x080001b0   0x080001b0   0x00000004   Code   RO          725    .ARM.Collect$$_printf_percent$$00000017  c_w.l(_printf_percent_end.o)
    0x080001b4   0x080001b4   0x00000002   Code   RO          847    .ARM.Collect$$libinit$$00000000  c_w.l(libinit.o)
    0x080001b6   0x080001b6   0x00000000   Code   RO          849    .ARM.Collect$$libinit$$00000002  c_w.l(libinit2.o)
    0x080001b6   0x080001b6   0x00000000   Code   RO          851    .ARM.Collect$$libinit$$00000004  c_w.l(libinit2.o)
    0x080001b6   0x080001b6   0x00000000   Code   RO          854    .ARM.Collect$$libinit$$0000000A  c_w.l(libinit2.o)
    0x080001b6   0x080001b6   0x00000000   Code   RO          856    .ARM.Collect$$libinit$$0000000C  c_w.l(libinit2.o)
    0x080001b6   0x080001b6   0x00000000   Code   RO          858    .ARM.Collect$$libinit$$0000000E  c_w.l(libinit2.o)
    0x080001b6   0x080001b6   0x00000006   Code   RO          859    .ARM.Collect$$libinit$$0000000F  c_w.l(libinit2.o)
    0x080001bc   0x080001bc   0x00000000   Code   RO          861    .ARM.Collect$$libinit$$00000011  c_w.l(libinit2.o)
    0x080001bc   0x080001bc   0x0000000c   Code   RO          862    .ARM.Collect$$libinit$$00000012  c_w.l(libinit2.o)
    0x080001c8   0x080001c8   0x00000000   Code   RO          863    .ARM.Collect$$libinit$$00000013  c_w.l(libinit2.o)
    0x080001c8   0x080001c8   0x00000000   Code   RO          865    .ARM.Collect$$libinit$$00000015  c_w.l(libinit2.o)
    0x080001c8   0x080001c8   0x0000000a   Code   RO          866    .ARM.Collect$$libinit$$00000016  c_w.l(libinit2.o)
    0x080001d2   0x080001d2   0x00000000   Code   RO          867    .ARM.Collect$$libinit$$00000017  c_w.l(libinit2.o)
    0x080001d2   0x080001d2   0x00000000   Code   RO          869    .ARM.Collect$$libinit$$00000019  c_w.l(libinit2.o)
    0x080001d2   0x080001d2   0x00000000   Code   RO          871    .ARM.Collect$$libinit$$0000001B  c_w.l(libinit2.o)
    0x080001d2   0x080001d2   0x00000000   Code   RO          873    .ARM.Collect$$libinit$$0000001D  c_w.l(libinit2.o)
    0x080001d2   0x080001d2   0x00000000   Code   RO          875    .ARM.Collect$$libinit$$0000001F  c_w.l(libinit2.o)
    0x080001d2   0x080001d2   0x00000000   Code   RO          877    .ARM.Collect$$libinit$$00000021  c_w.l(libinit2.o)
    0x080001d2   0x080001d2   0x00000000   Code   RO          879    .ARM.Collect$$libinit$$00000023  c_w.l(libinit2.o)
    0x080001d2   0x080001d2   0x00000000   Code   RO          881    .ARM.Collect$$libinit$$00000025  c_w.l(libinit2.o)
    0x080001d2   0x080001d2   0x00000000   Code   RO          885    .ARM.Collect$$libinit$$0000002C  c_w.l(libinit2.o)
    0x080001d2   0x080001d2   0x00000000   Code   RO          887    .ARM.Collect$$libinit$$0000002E  c_w.l(libinit2.o)
    0x080001d2   0x080001d2   0x00000000   Code   RO          889    .ARM.Collect$$libinit$$00000030  c_w.l(libinit2.o)
    0x080001d2   0x080001d2   0x00000000   Code   RO          891    .ARM.Collect$$libinit$$00000032  c_w.l(libinit2.o)
    0x080001d2   0x080001d2   0x00000002   Code   RO          892    .ARM.Collect$$libinit$$00000033  c_w.l(libinit2.o)
    0x080001d4   0x080001d4   0x00000002   Code   RO          983    .ARM.Collect$$libshutdown$$00000000  c_w.l(libshutdown.o)
    0x080001d6   0x080001d6   0x00000000   Code   RO         1004    .ARM.Collect$$libshutdown$$00000002  c_w.l(libshutdown2.o)
    0x080001d6   0x080001d6   0x00000000   Code   RO         1006    .ARM.Collect$$libshutdown$$00000004  c_w.l(libshutdown2.o)
    0x080001d6   0x080001d6   0x00000000   Code   RO         1009    .ARM.Collect$$libshutdown$$00000007  c_w.l(libshutdown2.o)
    0x080001d6   0x080001d6   0x00000000   Code   RO         1012    .ARM.Collect$$libshutdown$$0000000A  c_w.l(libshutdown2.o)
    0x080001d6   0x080001d6   0x00000000   Code   RO         1014    .ARM.Collect$$libshutdown$$0000000C  c_w.l(libshutdown2.o)
    0x080001d6   0x080001d6   0x00000000   Code   RO         1017    .ARM.Collect$$libshutdown$$0000000F  c_w.l(libshutdown2.o)
    0x080001d6   0x080001d6   0x00000002   Code   RO         1018    .ARM.Collect$$libshutdown$$00000010  c_w.l(libshutdown2.o)
    0x080001d8   0x080001d8   0x00000000   Code   RO          710    .ARM.Collect$$rtentry$$00000000  c_w.l(__rtentry.o)
    0x080001d8   0x080001d8   0x00000000   Code   RO          781    .ARM.Collect$$rtentry$$00000002  c_w.l(__rtentry2.o)
    0x080001d8   0x080001d8   0x00000006   Code   RO          793    .ARM.Collect$$rtentry$$00000004  c_w.l(__rtentry4.o)
    0x080001de   0x080001de   0x00000000   Code   RO          783    .ARM.Collect$$rtentry$$00000009  c_w.l(__rtentry2.o)
    0x080001de   0x080001de   0x00000004   Code   RO          784    .ARM.Collect$$rtentry$$0000000A  c_w.l(__rtentry2.o)
    0x080001e2   0x080001e2   0x00000000   Code   RO          786    .ARM.Collect$$rtentry$$0000000C  c_w.l(__rtentry2.o)
    0x080001e2   0x080001e2   0x00000008   Code   RO          787    .ARM.Collect$$rtentry$$0000000D  c_w.l(__rtentry2.o)
    0x080001ea   0x080001ea   0x00000002   Code   RO          897    .ARM.Collect$$rtexit$$00000000  c_w.l(rtexit.o)
    0x080001ec   0x080001ec   0x00000000   Code   RO          949    .ARM.Collect$$rtexit$$00000002  c_w.l(rtexit2.o)
    0x080001ec   0x080001ec   0x00000004   Code   RO          950    .ARM.Collect$$rtexit$$00000003  c_w.l(rtexit2.o)
    0x080001f0   0x080001f0   0x00000006   Code   RO          951    .ARM.Collect$$rtexit$$00000004  c_w.l(rtexit2.o)
    0x080001f6   0x080001f6   0x00000002   PAD
    0x080001f8   0x080001f8   0x0000040c   Code   RO            1    .text               main.o
    0x08000604   0x08000604   0x0000001a   Code   RO          174    .text               stm32f10x_it.o
    0x0800061e   0x0800061e   0x00000002   PAD
    0x08000620   0x08000620   0x000001e0   Code   RO          215    .text               system_stm32f10x.o
    0x08000800   0x08000800   0x000000d4   Code   RO          289    .text               delay.o
    0x080008d4   0x080008d4   0x00000040   Code   RO          333    .text               startup_stm32f10x_hd.o
    0x08000914   0x08000914   0x0000035c   Code   RO          337    .text               stm32f10x_gpio.o
    0x08000c70   0x08000c70   0x000003a4   Code   RO          349    .text               stm32f10x_rcc.o
    0x08001014   0x08001014   0x00000408   Code   RO          363    .text               stm32f10x_usart.o
    0x0800141c   0x0800141c   0x000000dc   Code   RO          375    .text               misc.o
    0x080014f8   0x080014f8   0x0000030c   Code   RO          387    .text               stm32f10x_spi.o
    0x08001804   0x08001804   0x00000384   Code   RO          478    .text               w25q64.o
    0x08001b88   0x08001b88   0x00000160   Code   RO          493    .text               usart2.o
    0x08001ce8   0x08001ce8   0x0000009c   Code   RO          511    .text               key.o
    0x08001d84   0x08001d84   0x0000090a   Code   RO          523    .text               my1680.o
    0x0800268e   0x0800268e   0x00000002   PAD
    0x08002690   0x08002690   0x00000548   Code   RO          558    .text               oled.o
    0x08002bd8   0x08002bd8   0x000001b4   Code   RO          577    .text               usart1.o
    0x08002d8c   0x08002d8c   0x00000002   Code   RO          602    .text               c_w.l(use_no_semi_2.o)
    0x08002d8e   0x08002d8e   0x00000002   PAD
    0x08002d90   0x08002d90   0x00000018   Code   RO          608    .text               c_w.l(noretval__2printf.o)
    0x08002da8   0x08002da8   0x00000028   Code   RO          610    .text               c_w.l(noretval__2sprintf.o)
    0x08002dd0   0x08002dd0   0x00000068   Code   RO          612    .text               c_w.l(__printf.o)
    0x08002e38   0x08002e38   0x00000052   Code   RO          614    .text               c_w.l(_printf_str.o)
    0x08002e8a   0x08002e8a   0x00000002   PAD
    0x08002e8c   0x08002e8c   0x00000078   Code   RO          616    .text               c_w.l(_printf_dec.o)
    0x08002f04   0x08002f04   0x00000024   Code   RO          642    .text               c_w.l(strstr.o)
    0x08002f28   0x08002f28   0x0000002a   Code   RO          646    .text               c_w.l(strcasecmp.o)
    0x08002f52   0x08002f52   0x00000044   Code   RO          648    .text               c_w.l(rt_memclr.o)
    0x08002f96   0x08002f96   0x0000004e   Code   RO          650    .text               c_w.l(rt_memclr_w.o)
    0x08002fe4   0x08002fe4   0x00000080   Code   RO          652    .text               c_w.l(strcmpv7m.o)
    0x08003064   0x08003064   0x00000006   Code   RO          654    .text               c_w.l(heapauxi.o)
    0x0800306a   0x0800306a   0x00000002   Code   RO          708    .text               c_w.l(use_no_semi.o)
    0x0800306c   0x0800306c   0x00000016   Code   RO          711    .text               c_w.l(_rserrno.o)
    0x08003082   0x08003082   0x0000001a   Code   RO          713    .text               c_w.l(tolower.o)
    0x0800309c   0x0800309c   0x000000b2   Code   RO          715    .text               c_w.l(_printf_intcommon.o)
    0x0800314e   0x0800314e   0x00000002   PAD
    0x08003150   0x08003150   0x00000030   Code   RO          717    .text               c_w.l(_printf_char_common.o)
    0x08003180   0x08003180   0x0000000a   Code   RO          719    .text               c_w.l(_sputc.o)
    0x0800318a   0x0800318a   0x0000002c   Code   RO          721    .text               c_w.l(_printf_char.o)
    0x080031b6   0x080031b6   0x00000002   PAD
    0x080031b8   0x080031b8   0x00000024   Code   RO          723    .text               c_w.l(_printf_char_file.o)
    0x080031dc   0x080031dc   0x000000a4   Code   RO          726    .text               c_w.l(strtod.o)
    0x08003280   0x08003280   0x00000010   Code   RO          795    .text               c_w.l(rt_ctype_table.o)
    0x08003290   0x08003290   0x00000008   Code   RO          800    .text               c_w.l(rt_errno_addr_intlibspace.o)
    0x08003298   0x08003298   0x00000012   Code   RO          802    .text               c_w.l(isspace.o)
    0x080032aa   0x080032aa   0x00000040   Code   RO          806    .text               c_w.l(_sgetc.o)
    0x080032ea   0x080032ea   0x00000008   Code   RO          808    .text               c_w.l(ferror.o)
    0x080032f2   0x080032f2   0x00000002   PAD
    0x080032f4   0x080032f4   0x00000008   Code   RO          825    .text               c_w.l(libspace.o)
    0x080032fc   0x080032fc   0x0000004a   Code   RO          828    .text               c_w.l(sys_stackheap_outer.o)
    0x08003346   0x08003346   0x00000002   PAD
    0x08003348   0x08003348   0x00000008   Code   RO          833    .text               c_w.l(rt_locale_intlibspace.o)
    0x08003350   0x08003350   0x000004f8   Code   RO          835    .text               c_w.l(scanf_fp.o)
    0x08003848   0x08003848   0x00000012   Code   RO          840    .text               c_w.l(exit.o)
    0x0800385a   0x0800385a   0x00000002   PAD
    0x0800385c   0x0800385c   0x000000e4   Code   RO          899    .text               c_w.l(bigflt0.o)
    0x08003940   0x08003940   0x00000320   Code   RO          955    .text               c_w.l(scanf_hexfp.o)
    0x08003c60   0x08003c60   0x00000134   Code   RO          957    .text               c_w.l(scanf_infnan.o)
    0x08003d94   0x08003d94   0x00000026   Code   RO          973    .text               c_w.l(llshl.o)
    0x08003dba   0x08003dba   0x0000001c   Code   RO          975    .text               c_w.l(_chval.o)
    0x08003dd6   0x08003dd6   0x00000338   Code   RO          912    CL$$btod_div_common  c_w.l(btod.o)
    0x0800410e   0x0800410e   0x00000002   PAD
    0x08004110   0x08004110   0x00000084   Code   RO          910    CL$$btod_e2d        c_w.l(btod.o)
    0x08004194   0x08004194   0x000000dc   Code   RO          909    CL$$btod_e2e        c_w.l(btod.o)
    0x08004270   0x08004270   0x0000002a   Code   RO          906    CL$$btod_ediv       c_w.l(btod.o)
    0x0800429a   0x0800429a   0x0000002a   Code   RO          908    CL$$btod_edivd      c_w.l(btod.o)
    0x080042c4   0x080042c4   0x0000002a   Code   RO          905    CL$$btod_emul       c_w.l(btod.o)
    0x080042ee   0x080042ee   0x0000002a   Code   RO          907    CL$$btod_emuld      c_w.l(btod.o)
    0x08004318   0x08004318   0x00000244   Code   RO          911    CL$$btod_mult_common  c_w.l(btod.o)
    0x0800455c   0x0800455c   0x00000028   Code   RO          767    i.__ARM_fpclassify  m_ws.l(fpclassify.o)
    0x08004584   0x08004584   0x000000aa   Code   RO          769    i.__kernel_poly     m_ws.l(poly.o)
    0x0800462e   0x0800462e   0x00000002   PAD
    0x08004630   0x08004630   0x00000010   Code   RO          753    i.__mathlib_dbl_divzero  m_ws.l(dunder.o)
    0x08004640   0x08004640   0x00000004   Code   RO          755    i.__mathlib_dbl_infnan2  m_ws.l(dunder.o)
    0x08004644   0x08004644   0x0000000c   Code   RO          756    i.__mathlib_dbl_invalid  m_ws.l(dunder.o)
    0x08004650   0x08004650   0x0000000e   Code   RO          757    i.__mathlib_dbl_overflow  m_ws.l(dunder.o)
    0x0800465e   0x0800465e   0x00000002   PAD
    0x08004660   0x08004660   0x00000010   Code   RO          759    i.__mathlib_dbl_underflow  m_ws.l(dunder.o)
    0x08004670   0x08004670   0x00000010   Code   RO          942    i.__mathlib_narrow  m_ws.l(narrow.o)
    0x08004680   0x08004680   0x000000bc   Code   RO          943    i.__mathlib_tofloat  m_ws.l(narrow.o)
    0x0800473c   0x0800473c   0x00000016   Code   RO          985    i.__support_ldexp   m_ws.l(ldexp.o)
    0x08004752   0x08004752   0x0000000e   Code   RO          628    i._is_digit         c_w.l(__printf_wp.o)
    0x08004760   0x08004760   0x00000058   Code   RO          966    i.frexp             m_ws.l(frexp.o)
    0x080047b8   0x080047b8   0x00000074   Code   RO          986    i.ldexp             m_ws.l(ldexp.o)
    0x0800482c   0x0800482c   0x000009d8   Code   RO          695    i.pow               m_ws.l(pow.o)
    0x08005204   0x08005204   0x0000004c   Code   RO          773    i.sqrt              m_ws.l(sqrt.o)
    0x08005250   0x08005250   0x0000001c   Code   RO          705    i.strtod            m_ws.l(strtod.o)
    0x0800526c   0x0800526c   0x0000002c   Code   RO          813    locale$$code        c_w.l(lc_numeric_c.o)
    0x08005298   0x08005298   0x0000002c   Code   RO          838    locale$$code        c_w.l(lc_ctype_c.o)
    0x080052c4   0x080052c4   0x00000062   Code   RO          658    x$fpl$d2f           fz_ws.l(d2f.o)
    0x08005326   0x08005326   0x00000002   PAD
    0x08005328   0x08005328   0x00000150   Code   RO          728    x$fpl$dadd          fz_ws.l(daddsub_clz.o)
    0x08005478   0x08005478   0x00000010   Code   RO          815    x$fpl$dcheck1       fz_ws.l(dcheck1.o)
    0x08005488   0x08005488   0x00000018   Code   RO          893    x$fpl$dcmpinf       fz_ws.l(dcmpi.o)
    0x080054a0   0x080054a0   0x000002b0   Code   RO          735    x$fpl$ddiv          fz_ws.l(ddiv.o)
    0x08005750   0x08005750   0x00000078   Code   RO          963    x$fpl$deqf          fz_ws.l(deqf.o)
    0x080057c8   0x080057c8   0x0000005e   Code   RO          660    x$fpl$dfix          fz_ws.l(dfix.o)
    0x08005826   0x08005826   0x0000002e   Code   RO          665    x$fpl$dflt          fz_ws.l(dflt_clz.o)
    0x08005854   0x08005854   0x00000078   Code   RO          817    x$fpl$dleqf         fz_ws.l(dleqf.o)
    0x080058cc   0x080058cc   0x00000154   Code   RO          738    x$fpl$dmul          fz_ws.l(dmul.o)
    0x08005a20   0x08005a20   0x0000009c   Code   RO          740    x$fpl$dnaninf       fz_ws.l(dnaninf.o)
    0x08005abc   0x08005abc   0x0000000c   Code   RO          819    x$fpl$dretinf       fz_ws.l(dretinf.o)
    0x08005ac8   0x08005ac8   0x0000006c   Code   RO          742    x$fpl$drleqf        fz_ws.l(drleqf.o)
    0x08005b34   0x08005b34   0x00000016   Code   RO          729    x$fpl$drsb          fz_ws.l(daddsub_clz.o)
    0x08005b4a   0x08005b4a   0x00000002   PAD
    0x08005b4c   0x08005b4c   0x000001cc   Code   RO          821    x$fpl$dsqrt         fz_ws.l(dsqrt_noumaal.o)
    0x08005d18   0x08005d18   0x000001d4   Code   RO          730    x$fpl$dsub          fz_ws.l(daddsub_clz.o)
    0x08005eec   0x08005eec   0x000000c4   Code   RO          670    x$fpl$fadd          fz_ws.l(faddsub_clz.o)
    0x08005fb0   0x08005fb0   0x00000018   Code   RO          744    x$fpl$fcmpinf       fz_ws.l(fcmpi.o)
    0x08005fc8   0x08005fc8   0x00000068   Code   RO          676    x$fpl$feqf          fz_ws.l(feqf.o)
    0x08006030   0x08006030   0x00000036   Code   RO          678    x$fpl$ffix          fz_ws.l(ffix.o)
    0x08006066   0x08006066   0x00000002   PAD
    0x08006068   0x08006068   0x0000003e   Code   RO          682    x$fpl$ffixu         fz_ws.l(ffixu.o)
    0x080060a6   0x080060a6   0x00000002   PAD
    0x080060a8   0x080060a8   0x00000030   Code   RO          687    x$fpl$fflt          fz_ws.l(fflt_clz.o)
    0x080060d8   0x080060d8   0x00000026   Code   RO          686    x$fpl$ffltu         fz_ws.l(fflt_clz.o)
    0x080060fe   0x080060fe   0x00000002   PAD
    0x08006100   0x08006100   0x00000102   Code   RO          692    x$fpl$fmul          fz_ws.l(fmul.o)
    0x08006202   0x08006202   0x0000008c   Code   RO          746    x$fpl$fnaninf       fz_ws.l(fnaninf.o)
    0x0800628e   0x0800628e   0x0000000a   Code   RO          748    x$fpl$fretinf       fz_ws.l(fretinf.o)
    0x08006298   0x08006298   0x00000014   Code   RO          671    x$fpl$frsb          fz_ws.l(faddsub_clz.o)
    0x080062ac   0x080062ac   0x000000ea   Code   RO          672    x$fpl$fsub          fz_ws.l(faddsub_clz.o)
    0x08006396   0x08006396   0x00000006   Code   RO          932    x$fpl$ieeestatus    fz_ws.l(istatus.o)
    0x0800639c   0x0800639c   0x00000064   Code   RO          895    x$fpl$retnan        fz_ws.l(retnan.o)
    0x08006400   0x08006400   0x0000005c   Code   RO          750    x$fpl$scalbn        fz_ws.l(scalbn.o)
    0x0800645c   0x0800645c   0x00000004   Code   RO          823    x$fpl$scanf1        fz_ws.l(scanf1.o)
    0x08006460   0x08006460   0x00000008   Code   RO          934    x$fpl$scanf2        fz_ws.l(scanf2.o)
    0x08006468   0x08006468   0x00000030   Code   RO          940    x$fpl$trapveneer    fz_ws.l(trapv.o)
    0x08006498   0x08006498   0x00000000   Code   RO          752    x$fpl$usenofp       fz_ws.l(usenofp.o)
    0x08006498   0x08006498   0x00000a70   Data   RO          570    .constdata          oledfont.o
    0x08006f08   0x08006f08   0x00000088   Data   RO          696    .constdata          m_ws.l(pow.o)
    0x08006f90   0x08006f90   0x00000008   Data   RO          771    .constdata          m_ws.l(qnan.o)
    0x08006f98   0x08006f98   0x00000094   Data   RO          900    .constdata          c_w.l(bigflt0.o)
    0x0800702c   0x0800702c   0x00000020   Data   RO         1043    Region$$Table       anon$$obj.o
    0x0800704c   0x0800704c   0x00000008   Data   RO          926    c$$dinf             fz_ws.l(fpconst.o)
    0x08007054   0x08007054   0x00000008   Data   RO          929    c$$dmax             fz_ws.l(fpconst.o)
    0x0800705c   0x0800705c   0x0000001c   Data   RO          812    locale$$data        c_w.l(lc_numeric_c.o)
    0x08007078   0x08007078   0x00000110   Data   RO          837    locale$$data        c_w.l(lc_ctype_c.o)


    Execution Region RW_IRAM1 (Exec base: 0x20000000, Load base: 0x08007188, Size: 0x00001970, Max: 0x00005000, ABSOLUTE)

    Exec Addr    Load Addr    Size         Type   Attr      Idx    E Section Name        Object

    0x20000000   0x08007188   0x00000014   Data   RW          216    .data               system_stm32f10x.o
    0x20000014   0x0800719c   0x00000004   Data   RW          290    .data               delay.o
    0x20000018   0x080071a0   0x00000014   Data   RW          350    .data               stm32f10x_rcc.o
    0x2000002c   0x080071b4   0x00000011   Data   RW          525    .data               my1680.o
    0x2000003d   0x080071c5   0x00000003   PAD
    0x20000040   0x080071c8   0x00000004   Data   RW          579    .data               usart1.o
    0x20000044        -       0x00001000   Zero   RW          479    .bss                w25q64.o
    0x20001044        -       0x00000104   Zero   RW          494    .bss                usart2.o
    0x20001148        -       0x00000064   Zero   RW          524    .bss                my1680.o
    0x200011ac        -       0x00000164   Zero   RW          578    .bss                usart1.o
    0x20001310        -       0x00000060   Zero   RW          826    .bss                c_w.l(libspace.o)
    0x20001370        -       0x00000200   Zero   RW          331    HEAP                startup_stm32f10x_hd.o
    0x20001570        -       0x00000400   Zero   RW          330    STACK               startup_stm32f10x_hd.o


==============================================================================

Image component sizes


      Code (inc. data)   RO Data    RW Data    ZI Data      Debug   Object Name

       212         18          0          4          0       1139   delay.o
       156         12          0          0          0        700   key.o
      1036        362          0          0          0     240393   main.o
       220         22          0          0          0       1897   misc.o
      2314        140          0         17        100       5109   my1680.o
      1352         30          0          0          0       4468   oled.o
         0          0       2672          0          0        586   oledfont.o
        64         26        304          0       1536        836   startup_stm32f10x_hd.o
       860         38          0          0          0       5829   stm32f10x_gpio.o
        26          0          0          0          0       1226   stm32f10x_it.o
       932         36          0         20          0       9052   stm32f10x_rcc.o
       780         14          0          0          0       6710   stm32f10x_spi.o
      1032         22          0          0          0       8552   stm32f10x_usart.o
         0          0          0          0          0         32   sys.o
       480         38          0         20          0       1883   system_stm32f10x.o
       436         18          0          4        356       4423   usart1.o
       352         18          0          0        260       2503   usart2.o
       900         24          0          0       4096       4228   w25q64.o

    ----------------------------------------------------------------------
     11156        818       3008         68       6348     299566   Object Totals
         0          0         32          0          0          0   (incl. Generated)
         4          0          0          3          0          0   (incl. Padding)

    ----------------------------------------------------------------------

      Code (inc. data)   RO Data    RW Data    ZI Data      Debug   Library Member Name

         8          0          0          0          0         68   __main.o
       104          0          0          0          0         84   __printf.o
        14          0          0          0          0         68   __printf_wp.o
         0          0          0          0          0          0   __rtentry.o
        12          0          0          0          0          0   __rtentry2.o
         6          0          0          0          0          0   __rtentry4.o
        52          8          0          0          0          0   __scatter.o
        26          0          0          0          0          0   __scatter_copy.o
        28          0          0          0          0          0   __scatter_zi.o
        28          0          0          0          0         68   _chval.o
        44          0          0          0          0        108   _printf_char.o
        48          6          0          0          0         96   _printf_char_common.o
        36          4          0          0          0         80   _printf_char_file.o
         6          0          0          0          0          0   _printf_d.o
       120         16          0          0          0         92   _printf_dec.o
       178          0          0          0          0         88   _printf_intcommon.o
         0          0          0          0          0          0   _printf_percent.o
         4          0          0          0          0          0   _printf_percent_end.o
         6          0          0          0          0          0   _printf_s.o
        82          0          0          0          0         80   _printf_str.o
        22          0          0          0          0        100   _rserrno.o
        64          0          0          0          0         84   _sgetc.o
        10          0          0          0          0         68   _sputc.o
       228          4        148          0          0         96   bigflt0.o
      1924        136          0          0          0        756   btod.o
        18          0          0          0          0         80   exit.o
         8          0          0          0          0         68   ferror.o
         6          0          0          0          0        152   heapauxi.o
        18          0          0          0          0         76   isspace.o
        44         10        272          0          0         76   lc_ctype_c.o
        44         10         28          0          0         76   lc_numeric_c.o
         2          0          0          0          0          0   libinit.o
        30          0          0          0          0          0   libinit2.o
         2          0          0          0          0          0   libshutdown.o
         2          0          0          0          0          0   libshutdown2.o
         8          4          0          0         96         68   libspace.o
        38          0          0          0          0         68   llshl.o
        24          4          0          0          0         84   noretval__2printf.o
        40          6          0          0          0         84   noretval__2sprintf.o
        16          4          0          0          0         76   rt_ctype_table.o
         8          4          0          0          0         68   rt_errno_addr_intlibspace.o
         8          4          0          0          0         68   rt_locale_intlibspace.o
        68          0          0          0          0         68   rt_memclr.o
        78          0          0          0          0         80   rt_memclr_w.o
         2          0          0          0          0          0   rtexit.o
        10          0          0          0          0          0   rtexit2.o
      1272         16          0          0          0        168   scanf_fp.o
       800         14          0          0          0        100   scanf_hexfp.o
       308         16          0          0          0        100   scanf_infnan.o
        42          0          0          0          0         84   strcasecmp.o
       128          0          0          0          0         68   strcmpv7m.o
        36          0          0          0          0         80   strstr.o
       164         14          0          0          0        120   strtod.o
        74          0          0          0          0         80   sys_stackheap_outer.o
        26          0          0          0          0         76   tolower.o
         2          0          0          0          0         68   use_no_semi.o
         2          0          0          0          0         68   use_no_semi_2.o
        98          4          0          0          0         92   d2f.o
       826         16          0          0          0        348   daddsub_clz.o
        16          4          0          0          0         68   dcheck1.o
        24          0          0          0          0         68   dcmpi.o
       688        140          0          0          0        208   ddiv.o
       120          4          0          0          0         92   deqf.o
        94          4          0          0          0         92   dfix.o
        46          0          0          0          0         68   dflt_clz.o
       120          4          0          0          0         92   dleqf.o
       340         12          0          0          0        104   dmul.o
       156          4          0          0          0         92   dnaninf.o
        12          0          0          0          0         68   dretinf.o
       108          0          0          0          0         80   drleqf.o
       460         56          0          0          0        120   dsqrt_noumaal.o
       450          8          0          0          0        236   faddsub_clz.o
        24          0          0          0          0         68   fcmpi.o
       104          4          0          0          0         84   feqf.o
        54          4          0          0          0         84   ffix.o
        62          4          0          0          0         84   ffixu.o
        86          0          0          0          0        136   fflt_clz.o
       258          4          0          0          0         84   fmul.o
       140          4          0          0          0         84   fnaninf.o
         0          0         16          0          0          0   fpconst.o
        10          0          0          0          0         68   fretinf.o
         6          0          0          0          0         68   istatus.o
       100          0          0          0          0         68   retnan.o
        92          0          0          0          0         68   scalbn.o
         4          0          0          0          0         68   scanf1.o
         8          0          0          0          0         84   scanf2.o
        48          0          0          0          0         68   trapv.o
         0          0          0          0          0          0   usenofp.o
        62         10          0          0          0        340   dunder.o
        40          0          0          0          0         68   fpclassify.o
        88          8          0          0          0         76   frexp.o
       138          0          0          0          0        160   ldexp.o
       204          4          0          0          0        168   narrow.o
       170          0          0          0          0         96   poly.o
      2520        190        136          0          0        324   pow.o
         0          0          8          0          0          0   qnan.o
        76          0          0          0          0         84   sqrt.o
        28          0          0          0          0         80   strtod.o

    ----------------------------------------------------------------------
     14292        770        608          0         96       8480   Library Totals
        34          2          0          0          0          0   (incl. Padding)

    ----------------------------------------------------------------------

      Code (inc. data)   RO Data    RW Data    ZI Data      Debug   Library Name

      6378        280        448          0         96       4140   c_w.l
      4554        276         16          0          0       2944   fz_ws.l
      3326        212        144          0          0       1396   m_ws.l

    ----------------------------------------------------------------------
     14292        770        608          0         96       8480   Library Totals

    ----------------------------------------------------------------------

==============================================================================


      Code (inc. data)   RO Data    RW Data    ZI Data      Debug   

     25448       1588       3616         68       6444     302010   Grand Totals
     25448       1588       3616         68       6444     302010   ELF Image Totals
     25448       1588       3616         68          0          0   ROM Totals

==============================================================================

    Total RO  Size (Code + RO Data)                29064 (  28.38kB)
    Total RW  Size (RW Data + ZI Data)              6512 (   6.36kB)
    Total ROM Size (Code + RO Data + RW Data)      29132 (  28.45kB)

==============================================================================

